MPLINK 5.09, LINKER
Linker Map File - Created Sat Jun 06 04:10:24 2020

                                 Section Info
                  Section       Type    Address   Location Size(Bytes)
                ---------  ---------  ---------  ---------  ---------
                 RES_VECT       code   0x000000    program   0x000002
                   .cinit    romdata   0x000001    program   0x000004
                      ISR       code   0x000004    program   0x000082
                MAIN_PROG       code   0x000045    program   0x000b9c
.config_2007_BUILD/DEFAULT/DEBUG/MAIN.O       code   0x002007    program   0x000002
                  GPR_VAR      udata   0x000020       data   0x000016



                              Program Memory Usage 
                               Start         End      
                           ---------   ---------      
                            0x000000    0x000002      
                            0x000004    0x000612      
                            0x002007    0x002007      
            1555 out of 8454 program addresses used, program memory utilization is 18%



                              Symbols - Sorted by Name
                     Name    Address   Location    Storage File                     
                ---------  ---------  ---------  --------- ---------                
     CORNIO_DISPLAY_F_DEF   0x000312    program     static F:\Projects\PIC\LCD_LIB.X\main.asm
CORNIO_DISPLAY_F_DEF_EXIT   0x0003bd    program     static F:\Projects\PIC\LCD_LIB.X\main.asm
            CORNIO_DRAW_0   0x0003b0    program     static F:\Projects\PIC\LCD_LIB.X\main.asm
            CORNIO_DRAW_1   0x0003a3    program     static F:\Projects\PIC\LCD_LIB.X\main.asm
            CORNIO_DRAW_2   0x000396    program     static F:\Projects\PIC\LCD_LIB.X\main.asm
            CORNIO_DRAW_3   0x000389    program     static F:\Projects\PIC\LCD_LIB.X\main.asm
            CORNIO_DRAW_4   0x00037c    program     static F:\Projects\PIC\LCD_LIB.X\main.asm
            CORNIO_DRAW_5   0x00036f    program     static F:\Projects\PIC\LCD_LIB.X\main.asm
            CORNIO_DRAW_6   0x000362    program     static F:\Projects\PIC\LCD_LIB.X\main.asm
            CORNIO_DRAW_7   0x000355    program     static F:\Projects\PIC\LCD_LIB.X\main.asm
            CORNIO_DRAW_8   0x000348    program     static F:\Projects\PIC\LCD_LIB.X\main.asm
            CORNIO_DRAW_9   0x00033b    program     static F:\Projects\PIC\LCD_LIB.X\main.asm
              CORNIO_EXIT   0x00015c    program     static F:\Projects\PIC\LCD_LIB.X\main.asm
             CORNIO_INPUT   0x0000f7    program     static F:\Projects\PIC\LCD_LIB.X\main.asm
       CORNIO_INPUT_DELAY   0x00012f    program     static F:\Projects\PIC\LCD_LIB.X\main.asm
        CORNIO_INPUT_LOOP   0x0000bf    program     static F:\Projects\PIC\LCD_LIB.X\main.asm
    CORNIO_INPUT_LOOP_INI   0x0000ca    program     static F:\Projects\PIC\LCD_LIB.X\main.asm
              CORNIO_MOV0   0x00013e    program     static F:\Projects\PIC\LCD_LIB.X\main.asm
              CORNIO_MOV1   0x000141    program     static F:\Projects\PIC\LCD_LIB.X\main.asm
              CORNIO_MOV2   0x000144    program     static F:\Projects\PIC\LCD_LIB.X\main.asm
              CORNIO_MOV3   0x000147    program     static F:\Projects\PIC\LCD_LIB.X\main.asm
              CORNIO_MOV4   0x00014a    program     static F:\Projects\PIC\LCD_LIB.X\main.asm
              CORNIO_MOV5   0x00014d    program     static F:\Projects\PIC\LCD_LIB.X\main.asm
              CORNIO_MOV6   0x000150    program     static F:\Projects\PIC\LCD_LIB.X\main.asm
              CORNIO_MOV7   0x000153    program     static F:\Projects\PIC\LCD_LIB.X\main.asm
              CORNIO_MOV8   0x000156    program     static F:\Projects\PIC\LCD_LIB.X\main.asm
              CORNIO_MOV9   0x000159    program     static F:\Projects\PIC\LCD_LIB.X\main.asm
         CORNIO_MOV_ASTER   0x000138    program     static F:\Projects\PIC\LCD_LIB.X\main.asm
          CORNIO_MOV_HASH   0x00013b    program     static F:\Projects\PIC\LCD_LIB.X\main.asm
             DEFINE_FUNCS   0x000045    program     static F:\Projects\PIC\LCD_LIB.X\main.asm
              DEF_LCD_CMD   0x000050    program     static F:\Projects\PIC\LCD_LIB.X\main.asm
              DEF_LCD_DAT   0x000067    program     static F:\Projects\PIC\LCD_LIB.X\main.asm
           ENABLE_DISPLAY   0x000307    program     static F:\Projects\PIC\LCD_LIB.X\main.asm
          ENABLE_KEYBOARD   0x0000b3    program     static F:\Projects\PIC\LCD_LIB.X\main.asm
          END_PLAYER_DRAW   0x00057e    program     static F:\Projects\PIC\LCD_LIB.X\main.asm
               EXIT_TIMER   0x000044    program     static F:\Projects\PIC\LCD_LIB.X\main.asm
                     GAME   0x000609    program     static F:\Projects\PIC\LCD_LIB.X\main.asm
                LCD_CLEAR   0x00004c    program     static F:\Projects\PIC\LCD_LIB.X\main.asm
               LCD_ENABLE   0x000045    program     static F:\Projects\PIC\LCD_LIB.X\main.asm
                 LCD_INIT   0x00007e    program     static F:\Projects\PIC\LCD_LIB.X\main.asm
                     LOOP   0x0005e8    program     static F:\Projects\PIC\LCD_LIB.X\main.asm
                     MENU   0x0005f4    program     static F:\Projects\PIC\LCD_LIB.X\main.asm
                 MENU_INP   0x0005f6    program     static F:\Projects\PIC\LCD_LIB.X\main.asm
          PLAYER_NOT_JUNP   0x000611    program     static F:\Projects\PIC\LCD_LIB.X\main.asm
              PLAYER_ON_3   0x0003e8    program     static F:\Projects\PIC\LCD_LIB.X\main.asm
              PLAYER_ON_4   0x0004b7    program     static F:\Projects\PIC\LCD_LIB.X\main.asm
             RESTART_MOVE   0x00001a    program     static F:\Projects\PIC\LCD_LIB.X\main.asm
        RESTART_MOVE_CONT   0x000020    program     static F:\Projects\PIC\LCD_LIB.X\main.asm
          SETUP_TIMER_INT   0x00057f    program     static F:\Projects\PIC\LCD_LIB.X\main.asm
    SKIP_INC_TEMPO_VOANDO   0x000033    program     static F:\Projects\PIC\LCD_LIB.X\main.asm
          SKIP_MOVE_PEDRA   0x000026    program     static F:\Projects\PIC\LCD_LIB.X\main.asm
              SK_INC_PT_D   0x000043    program     static F:\Projects\PIC\LCD_LIB.X\main.asm
                    START   0x0005e4    program     static F:\Projects\PIC\LCD_LIB.X\main.asm
                  TELA_AP   0x000165    program     static F:\Projects\PIC\LCD_LIB.X\main.asm
                TELA_GAME   0x0003be    program     static F:\Projects\PIC\LCD_LIB.X\main.asm
             TELA_INICIAL   0x000591    program     static F:\Projects\PIC\LCD_LIB.X\main.asm
          TELA_INSTRUCOES   0x000236    program     static F:\Projects\PIC\LCD_LIB.X\main.asm
                TIMER_INT   0x000007    program     static F:\Projects\PIC\LCD_LIB.X\main.asm
          _MAIN_PROG_0014   0x000059    program     static F:\Projects\PIC\LCD_LIB.X\main.asm
          _MAIN_PROG_0016   0x00005b    program     static F:\Projects\PIC\LCD_LIB.X\main.asm
          _MAIN_PROG_001D   0x000062    program     static F:\Projects\PIC\LCD_LIB.X\main.asm
          _MAIN_PROG_001F   0x000064    program     static F:\Projects\PIC\LCD_LIB.X\main.asm
          _MAIN_PROG_002B   0x000070    program     static F:\Projects\PIC\LCD_LIB.X\main.asm
          _MAIN_PROG_002D   0x000072    program     static F:\Projects\PIC\LCD_LIB.X\main.asm
          _MAIN_PROG_0034   0x000079    program     static F:\Projects\PIC\LCD_LIB.X\main.asm
          _MAIN_PROG_0036   0x00007b    program     static F:\Projects\PIC\LCD_LIB.X\main.asm
          _MAIN_PROG_0041   0x000086    program     static F:\Projects\PIC\LCD_LIB.X\main.asm
          _MAIN_PROG_0043   0x000088    program     static F:\Projects\PIC\LCD_LIB.X\main.asm
          _MAIN_PROG_004D   0x000092    program     static F:\Projects\PIC\LCD_LIB.X\main.asm
          _MAIN_PROG_004F   0x000094    program     static F:\Projects\PIC\LCD_LIB.X\main.asm
          _MAIN_PROG_0058   0x00009d    program     static F:\Projects\PIC\LCD_LIB.X\main.asm
          _MAIN_PROG_005A   0x00009f    program     static F:\Projects\PIC\LCD_LIB.X\main.asm
          _MAIN_PROG_00EF   0x000134    program     static F:\Projects\PIC\LCD_LIB.X\main.asm
          _MAIN_PROG_00F1   0x000136    program     static F:\Projects\PIC\LCD_LIB.X\main.asm
          _MAIN_PROG_011C   0x000161    program     static F:\Projects\PIC\LCD_LIB.X\main.asm
          _MAIN_PROG_011E   0x000163    program     static F:\Projects\PIC\LCD_LIB.X\main.asm
          _MAIN_PROG_02FF   0x000344    program     static F:\Projects\PIC\LCD_LIB.X\main.asm
          _MAIN_PROG_0301   0x000346    program     static F:\Projects\PIC\LCD_LIB.X\main.asm
          _MAIN_PROG_030C   0x000351    program     static F:\Projects\PIC\LCD_LIB.X\main.asm
          _MAIN_PROG_030E   0x000353    program     static F:\Projects\PIC\LCD_LIB.X\main.asm
          _MAIN_PROG_0319   0x00035e    program     static F:\Projects\PIC\LCD_LIB.X\main.asm
          _MAIN_PROG_031B   0x000360    program     static F:\Projects\PIC\LCD_LIB.X\main.asm
          _MAIN_PROG_0326   0x00036b    program     static F:\Projects\PIC\LCD_LIB.X\main.asm
          _MAIN_PROG_0328   0x00036d    program     static F:\Projects\PIC\LCD_LIB.X\main.asm
          _MAIN_PROG_0333   0x000378    program     static F:\Projects\PIC\LCD_LIB.X\main.asm
          _MAIN_PROG_0335   0x00037a    program     static F:\Projects\PIC\LCD_LIB.X\main.asm
          _MAIN_PROG_0340   0x000385    program     static F:\Projects\PIC\LCD_LIB.X\main.asm
          _MAIN_PROG_0342   0x000387    program     static F:\Projects\PIC\LCD_LIB.X\main.asm
          _MAIN_PROG_034D   0x000392    program     static F:\Projects\PIC\LCD_LIB.X\main.asm
          _MAIN_PROG_034F   0x000394    program     static F:\Projects\PIC\LCD_LIB.X\main.asm
          _MAIN_PROG_035A   0x00039f    program     static F:\Projects\PIC\LCD_LIB.X\main.asm
          _MAIN_PROG_035C   0x0003a1    program     static F:\Projects\PIC\LCD_LIB.X\main.asm
          _MAIN_PROG_0367   0x0003ac    program     static F:\Projects\PIC\LCD_LIB.X\main.asm
          _MAIN_PROG_0369   0x0003ae    program     static F:\Projects\PIC\LCD_LIB.X\main.asm
          _MAIN_PROG_0374   0x0003b9    program     static F:\Projects\PIC\LCD_LIB.X\main.asm
          _MAIN_PROG_0376   0x0003bb    program     static F:\Projects\PIC\LCD_LIB.X\main.asm
          _MAIN_PROG_03C2   0x000407    program     static F:\Projects\PIC\LCD_LIB.X\main.asm
          _MAIN_PROG_03C3   0x000408    program     static F:\Projects\PIC\LCD_LIB.X\main.asm
          _MAIN_PROG_03C7   0x00040c    program     static F:\Projects\PIC\LCD_LIB.X\main.asm
          _MAIN_PROG_03CD   0x000412    program     static F:\Projects\PIC\LCD_LIB.X\main.asm
          _MAIN_PROG_03CE   0x000413    program     static F:\Projects\PIC\LCD_LIB.X\main.asm
          _MAIN_PROG_03D2   0x000417    program     static F:\Projects\PIC\LCD_LIB.X\main.asm
          _MAIN_PROG_03D8   0x00041d    program     static F:\Projects\PIC\LCD_LIB.X\main.asm
          _MAIN_PROG_03D9   0x00041e    program     static F:\Projects\PIC\LCD_LIB.X\main.asm
          _MAIN_PROG_03DD   0x000422    program     static F:\Projects\PIC\LCD_LIB.X\main.asm
          _MAIN_PROG_03E3   0x000428    program     static F:\Projects\PIC\LCD_LIB.X\main.asm
          _MAIN_PROG_03E4   0x000429    program     static F:\Projects\PIC\LCD_LIB.X\main.asm
          _MAIN_PROG_03E8   0x00042d    program     static F:\Projects\PIC\LCD_LIB.X\main.asm
          _MAIN_PROG_03EE   0x000433    program     static F:\Projects\PIC\LCD_LIB.X\main.asm
          _MAIN_PROG_03EF   0x000434    program     static F:\Projects\PIC\LCD_LIB.X\main.asm
          _MAIN_PROG_03F3   0x000438    program     static F:\Projects\PIC\LCD_LIB.X\main.asm
          _MAIN_PROG_03F9   0x00043e    program     static F:\Projects\PIC\LCD_LIB.X\main.asm
          _MAIN_PROG_03FA   0x00043f    program     static F:\Projects\PIC\LCD_LIB.X\main.asm
          _MAIN_PROG_03FE   0x000443    program     static F:\Projects\PIC\LCD_LIB.X\main.asm
          _MAIN_PROG_0404   0x000449    program     static F:\Projects\PIC\LCD_LIB.X\main.asm
          _MAIN_PROG_0405   0x00044a    program     static F:\Projects\PIC\LCD_LIB.X\main.asm
          _MAIN_PROG_0409   0x00044e    program     static F:\Projects\PIC\LCD_LIB.X\main.asm
          _MAIN_PROG_040F   0x000454    program     static F:\Projects\PIC\LCD_LIB.X\main.asm
          _MAIN_PROG_0410   0x000455    program     static F:\Projects\PIC\LCD_LIB.X\main.asm
          _MAIN_PROG_0414   0x000459    program     static F:\Projects\PIC\LCD_LIB.X\main.asm
          _MAIN_PROG_041A   0x00045f    program     static F:\Projects\PIC\LCD_LIB.X\main.asm
          _MAIN_PROG_041B   0x000460    program     static F:\Projects\PIC\LCD_LIB.X\main.asm
          _MAIN_PROG_041F   0x000464    program     static F:\Projects\PIC\LCD_LIB.X\main.asm
          _MAIN_PROG_0425   0x00046a    program     static F:\Projects\PIC\LCD_LIB.X\main.asm
          _MAIN_PROG_0426   0x00046b    program     static F:\Projects\PIC\LCD_LIB.X\main.asm
          _MAIN_PROG_042A   0x00046f    program     static F:\Projects\PIC\LCD_LIB.X\main.asm
          _MAIN_PROG_0430   0x000475    program     static F:\Projects\PIC\LCD_LIB.X\main.asm
          _MAIN_PROG_0431   0x000476    program     static F:\Projects\PIC\LCD_LIB.X\main.asm
          _MAIN_PROG_0435   0x00047a    program     static F:\Projects\PIC\LCD_LIB.X\main.asm
          _MAIN_PROG_043B   0x000480    program     static F:\Projects\PIC\LCD_LIB.X\main.asm
          _MAIN_PROG_043C   0x000481    program     static F:\Projects\PIC\LCD_LIB.X\main.asm
          _MAIN_PROG_0440   0x000485    program     static F:\Projects\PIC\LCD_LIB.X\main.asm
          _MAIN_PROG_0446   0x00048b    program     static F:\Projects\PIC\LCD_LIB.X\main.asm
          _MAIN_PROG_0447   0x00048c    program     static F:\Projects\PIC\LCD_LIB.X\main.asm
          _MAIN_PROG_044B   0x000490    program     static F:\Projects\PIC\LCD_LIB.X\main.asm
          _MAIN_PROG_0451   0x000496    program     static F:\Projects\PIC\LCD_LIB.X\main.asm
          _MAIN_PROG_0452   0x000497    program     static F:\Projects\PIC\LCD_LIB.X\main.asm
          _MAIN_PROG_0456   0x00049b    program     static F:\Projects\PIC\LCD_LIB.X\main.asm
          _MAIN_PROG_045C   0x0004a1    program     static F:\Projects\PIC\LCD_LIB.X\main.asm
          _MAIN_PROG_045D   0x0004a2    program     static F:\Projects\PIC\LCD_LIB.X\main.asm
          _MAIN_PROG_0461   0x0004a6    program     static F:\Projects\PIC\LCD_LIB.X\main.asm
          _MAIN_PROG_0467   0x0004ac    program     static F:\Projects\PIC\LCD_LIB.X\main.asm
          _MAIN_PROG_0468   0x0004ad    program     static F:\Projects\PIC\LCD_LIB.X\main.asm
          _MAIN_PROG_046C   0x0004b1    program     static F:\Projects\PIC\LCD_LIB.X\main.asm
          _MAIN_PROG_0491   0x0004d6    program     static F:\Projects\PIC\LCD_LIB.X\main.asm
          _MAIN_PROG_0492   0x0004d7    program     static F:\Projects\PIC\LCD_LIB.X\main.asm
          _MAIN_PROG_0496   0x0004db    program     static F:\Projects\PIC\LCD_LIB.X\main.asm
          _MAIN_PROG_049C   0x0004e1    program     static F:\Projects\PIC\LCD_LIB.X\main.asm
          _MAIN_PROG_049D   0x0004e2    program     static F:\Projects\PIC\LCD_LIB.X\main.asm
          _MAIN_PROG_04A1   0x0004e6    program     static F:\Projects\PIC\LCD_LIB.X\main.asm
          _MAIN_PROG_04A7   0x0004ec    program     static F:\Projects\PIC\LCD_LIB.X\main.asm
          _MAIN_PROG_04A8   0x0004ed    program     static F:\Projects\PIC\LCD_LIB.X\main.asm
          _MAIN_PROG_04AC   0x0004f1    program     static F:\Projects\PIC\LCD_LIB.X\main.asm
          _MAIN_PROG_04B2   0x0004f7    program     static F:\Projects\PIC\LCD_LIB.X\main.asm
          _MAIN_PROG_04B3   0x0004f8    program     static F:\Projects\PIC\LCD_LIB.X\main.asm
          _MAIN_PROG_04B7   0x0004fc    program     static F:\Projects\PIC\LCD_LIB.X\main.asm
          _MAIN_PROG_04BD   0x000502    program     static F:\Projects\PIC\LCD_LIB.X\main.asm
          _MAIN_PROG_04BE   0x000503    program     static F:\Projects\PIC\LCD_LIB.X\main.asm
          _MAIN_PROG_04C2   0x000507    program     static F:\Projects\PIC\LCD_LIB.X\main.asm
          _MAIN_PROG_04C8   0x00050d    program     static F:\Projects\PIC\LCD_LIB.X\main.asm
          _MAIN_PROG_04C9   0x00050e    program     static F:\Projects\PIC\LCD_LIB.X\main.asm
          _MAIN_PROG_04CD   0x000512    program     static F:\Projects\PIC\LCD_LIB.X\main.asm
          _MAIN_PROG_04D3   0x000518    program     static F:\Projects\PIC\LCD_LIB.X\main.asm
          _MAIN_PROG_04D4   0x000519    program     static F:\Projects\PIC\LCD_LIB.X\main.asm
          _MAIN_PROG_04D8   0x00051d    program     static F:\Projects\PIC\LCD_LIB.X\main.asm
          _MAIN_PROG_04E1   0x000526    program     static F:\Projects\PIC\LCD_LIB.X\main.asm
          _MAIN_PROG_04E2   0x000527    program     static F:\Projects\PIC\LCD_LIB.X\main.asm
          _MAIN_PROG_04E6   0x00052b    program     static F:\Projects\PIC\LCD_LIB.X\main.asm
          _MAIN_PROG_04EC   0x000531    program     static F:\Projects\PIC\LCD_LIB.X\main.asm
          _MAIN_PROG_04ED   0x000532    program     static F:\Projects\PIC\LCD_LIB.X\main.asm
          _MAIN_PROG_04F1   0x000536    program     static F:\Projects\PIC\LCD_LIB.X\main.asm
          _MAIN_PROG_04F7   0x00053c    program     static F:\Projects\PIC\LCD_LIB.X\main.asm
          _MAIN_PROG_04F8   0x00053d    program     static F:\Projects\PIC\LCD_LIB.X\main.asm
          _MAIN_PROG_04FC   0x000541    program     static F:\Projects\PIC\LCD_LIB.X\main.asm
          _MAIN_PROG_0502   0x000547    program     static F:\Projects\PIC\LCD_LIB.X\main.asm
          _MAIN_PROG_0503   0x000548    program     static F:\Projects\PIC\LCD_LIB.X\main.asm
          _MAIN_PROG_0507   0x00054c    program     static F:\Projects\PIC\LCD_LIB.X\main.asm
          _MAIN_PROG_050D   0x000552    program     static F:\Projects\PIC\LCD_LIB.X\main.asm
          _MAIN_PROG_050E   0x000553    program     static F:\Projects\PIC\LCD_LIB.X\main.asm
          _MAIN_PROG_0512   0x000557    program     static F:\Projects\PIC\LCD_LIB.X\main.asm
          _MAIN_PROG_0518   0x00055d    program     static F:\Projects\PIC\LCD_LIB.X\main.asm
          _MAIN_PROG_0519   0x00055e    program     static F:\Projects\PIC\LCD_LIB.X\main.asm
          _MAIN_PROG_051D   0x000562    program     static F:\Projects\PIC\LCD_LIB.X\main.asm
          _MAIN_PROG_0523   0x000568    program     static F:\Projects\PIC\LCD_LIB.X\main.asm
          _MAIN_PROG_0524   0x000569    program     static F:\Projects\PIC\LCD_LIB.X\main.asm
          _MAIN_PROG_0528   0x00056d    program     static F:\Projects\PIC\LCD_LIB.X\main.asm
          _MAIN_PROG_052E   0x000573    program     static F:\Projects\PIC\LCD_LIB.X\main.asm
          _MAIN_PROG_052F   0x000574    program     static F:\Projects\PIC\LCD_LIB.X\main.asm
          _MAIN_PROG_0533   0x000578    program     static F:\Projects\PIC\LCD_LIB.X\main.asm
          _MAIN_PROG_0557   0x00059c    program     static F:\Projects\PIC\LCD_LIB.X\main.asm
          _MAIN_PROG_0559   0x00059e    program     static F:\Projects\PIC\LCD_LIB.X\main.asm
          _MAIN_PROG_055B   0x0005a0    program     static F:\Projects\PIC\LCD_LIB.X\main.asm
          _MAIN_PROG_055D   0x0005a2    program     static F:\Projects\PIC\LCD_LIB.X\main.asm
          _MAIN_PROG_0567   0x0005ac    program     static F:\Projects\PIC\LCD_LIB.X\main.asm
          _MAIN_PROG_0569   0x0005ae    program     static F:\Projects\PIC\LCD_LIB.X\main.asm
          _MAIN_PROG_056B   0x0005b0    program     static F:\Projects\PIC\LCD_LIB.X\main.asm
          _MAIN_PROG_056D   0x0005b2    program     static F:\Projects\PIC\LCD_LIB.X\main.asm
          _MAIN_PROG_0577   0x0005bc    program     static F:\Projects\PIC\LCD_LIB.X\main.asm
          _MAIN_PROG_0579   0x0005be    program     static F:\Projects\PIC\LCD_LIB.X\main.asm
          _MAIN_PROG_057B   0x0005c0    program     static F:\Projects\PIC\LCD_LIB.X\main.asm
          _MAIN_PROG_057D   0x0005c2    program     static F:\Projects\PIC\LCD_LIB.X\main.asm
          _MAIN_PROG_0587   0x0005cc    program     static F:\Projects\PIC\LCD_LIB.X\main.asm
          _MAIN_PROG_0589   0x0005ce    program     static F:\Projects\PIC\LCD_LIB.X\main.asm
          _MAIN_PROG_058B   0x0005d0    program     static F:\Projects\PIC\LCD_LIB.X\main.asm
          _MAIN_PROG_058D   0x0005d2    program     static F:\Projects\PIC\LCD_LIB.X\main.asm
          _MAIN_PROG_0597   0x0005dc    program     static F:\Projects\PIC\LCD_LIB.X\main.asm
          _MAIN_PROG_0599   0x0005de    program     static F:\Projects\PIC\LCD_LIB.X\main.asm
          _MAIN_PROG_059B   0x0005e0    program     static F:\Projects\PIC\LCD_LIB.X\main.asm
          _MAIN_PROG_059D   0x0005e2    program     static F:\Projects\PIC\LCD_LIB.X\main.asm
          _MAIN_PROG_05BD   0x000602    program     static F:\Projects\PIC\LCD_LIB.X\main.asm
          _MAIN_PROG_05BF   0x000604    program     static F:\Projects\PIC\LCD_LIB.X\main.asm
             CENA_LINHA_4   0x000032       data     static F:\Projects\PIC\LCD_LIB.X\main.asm
           CENA_LINHA_4_1   0x000033       data     static F:\Projects\PIC\LCD_LIB.X\main.asm
         CORNIO_DELAY_FT1   0x000026       data     static F:\Projects\PIC\LCD_LIB.X\main.asm
         CORNIO_DELAY_FT2   0x000027       data     static F:\Projects\PIC\LCD_LIB.X\main.asm
         CORNIO_DELAY_FT3   0x000028       data     static F:\Projects\PIC\LCD_LIB.X\main.asm
         CORNIO_DELAY_FT4   0x000029       data     static F:\Projects\PIC\LCD_LIB.X\main.asm
      CORNIO_DISPLAY_DISP   0x00002c       data     static F:\Projects\PIC\LCD_LIB.X\main.asm
CORNIO_DISPLAY_TO_DRAW_DISP   0x00002e       data     static F:\Projects\PIC\LCD_LIB.X\main.asm
CORNIO_DISPLAY_TO_DRAW_VALUE   0x00002f       data     static F:\Projects\PIC\LCD_LIB.X\main.asm
     CORNIO_DISPLAY_VALUE   0x00002d       data     static F:\Projects\PIC\LCD_LIB.X\main.asm
                  ENTRADA   0x000020       data     static F:\Projects\PIC\LCD_LIB.X\main.asm
             JOGO_RODANDO   0x000023       data     static F:\Projects\PIC\LCD_LIB.X\main.asm
            LCD_CMD_INPUT   0x00002a       data     static F:\Projects\PIC\LCD_LIB.X\main.asm
            LCD_DAT_INPUT   0x00002b       data     static F:\Projects\PIC\LCD_LIB.X\main.asm
              PONTUACAO_D   0x000022       data     static F:\Projects\PIC\LCD_LIB.X\main.asm
              PONTUACAO_U   0x000021       data     static F:\Projects\PIC\LCD_LIB.X\main.asm
             TEMPO_VOANDO   0x000031       data     static F:\Projects\PIC\LCD_LIB.X\main.asm
                TEMP_PT_D   0x000034       data     static F:\Projects\PIC\LCD_LIB.X\main.asm
                TEMP_PT_U   0x000035       data     static F:\Projects\PIC\LCD_LIB.X\main.asm
              TIMER_COUNT   0x000024       data     static F:\Projects\PIC\LCD_LIB.X\main.asm
         TIMER_MOVE_PEDRA   0x000025       data     static F:\Projects\PIC\LCD_LIB.X\main.asm
                   VOANDO   0x000030       data     static F:\Projects\PIC\LCD_LIB.X\main.asm



                              Symbols - Sorted by Address
                     Name    Address   Location    Storage File                     
                ---------  ---------  ---------  --------- ---------                
                TIMER_INT   0x000007    program     static F:\Projects\PIC\LCD_LIB.X\main.asm
             RESTART_MOVE   0x00001a    program     static F:\Projects\PIC\LCD_LIB.X\main.asm
        RESTART_MOVE_CONT   0x000020    program     static F:\Projects\PIC\LCD_LIB.X\main.asm
          SKIP_MOVE_PEDRA   0x000026    program     static F:\Projects\PIC\LCD_LIB.X\main.asm
    SKIP_INC_TEMPO_VOANDO   0x000033    program     static F:\Projects\PIC\LCD_LIB.X\main.asm
              SK_INC_PT_D   0x000043    program     static F:\Projects\PIC\LCD_LIB.X\main.asm
               EXIT_TIMER   0x000044    program     static F:\Projects\PIC\LCD_LIB.X\main.asm
               LCD_ENABLE   0x000045    program     static F:\Projects\PIC\LCD_LIB.X\main.asm
             DEFINE_FUNCS   0x000045    program     static F:\Projects\PIC\LCD_LIB.X\main.asm
                LCD_CLEAR   0x00004c    program     static F:\Projects\PIC\LCD_LIB.X\main.asm
              DEF_LCD_CMD   0x000050    program     static F:\Projects\PIC\LCD_LIB.X\main.asm
          _MAIN_PROG_0014   0x000059    program     static F:\Projects\PIC\LCD_LIB.X\main.asm
          _MAIN_PROG_0016   0x00005b    program     static F:\Projects\PIC\LCD_LIB.X\main.asm
          _MAIN_PROG_001D   0x000062    program     static F:\Projects\PIC\LCD_LIB.X\main.asm
          _MAIN_PROG_001F   0x000064    program     static F:\Projects\PIC\LCD_LIB.X\main.asm
              DEF_LCD_DAT   0x000067    program     static F:\Projects\PIC\LCD_LIB.X\main.asm
          _MAIN_PROG_002B   0x000070    program     static F:\Projects\PIC\LCD_LIB.X\main.asm
          _MAIN_PROG_002D   0x000072    program     static F:\Projects\PIC\LCD_LIB.X\main.asm
          _MAIN_PROG_0034   0x000079    program     static F:\Projects\PIC\LCD_LIB.X\main.asm
          _MAIN_PROG_0036   0x00007b    program     static F:\Projects\PIC\LCD_LIB.X\main.asm
                 LCD_INIT   0x00007e    program     static F:\Projects\PIC\LCD_LIB.X\main.asm
          _MAIN_PROG_0041   0x000086    program     static F:\Projects\PIC\LCD_LIB.X\main.asm
          _MAIN_PROG_0043   0x000088    program     static F:\Projects\PIC\LCD_LIB.X\main.asm
          _MAIN_PROG_004D   0x000092    program     static F:\Projects\PIC\LCD_LIB.X\main.asm
          _MAIN_PROG_004F   0x000094    program     static F:\Projects\PIC\LCD_LIB.X\main.asm
          _MAIN_PROG_0058   0x00009d    program     static F:\Projects\PIC\LCD_LIB.X\main.asm
          _MAIN_PROG_005A   0x00009f    program     static F:\Projects\PIC\LCD_LIB.X\main.asm
          ENABLE_KEYBOARD   0x0000b3    program     static F:\Projects\PIC\LCD_LIB.X\main.asm
        CORNIO_INPUT_LOOP   0x0000bf    program     static F:\Projects\PIC\LCD_LIB.X\main.asm
    CORNIO_INPUT_LOOP_INI   0x0000ca    program     static F:\Projects\PIC\LCD_LIB.X\main.asm
             CORNIO_INPUT   0x0000f7    program     static F:\Projects\PIC\LCD_LIB.X\main.asm
       CORNIO_INPUT_DELAY   0x00012f    program     static F:\Projects\PIC\LCD_LIB.X\main.asm
          _MAIN_PROG_00EF   0x000134    program     static F:\Projects\PIC\LCD_LIB.X\main.asm
          _MAIN_PROG_00F1   0x000136    program     static F:\Projects\PIC\LCD_LIB.X\main.asm
         CORNIO_MOV_ASTER   0x000138    program     static F:\Projects\PIC\LCD_LIB.X\main.asm
          CORNIO_MOV_HASH   0x00013b    program     static F:\Projects\PIC\LCD_LIB.X\main.asm
              CORNIO_MOV0   0x00013e    program     static F:\Projects\PIC\LCD_LIB.X\main.asm
              CORNIO_MOV1   0x000141    program     static F:\Projects\PIC\LCD_LIB.X\main.asm
              CORNIO_MOV2   0x000144    program     static F:\Projects\PIC\LCD_LIB.X\main.asm
              CORNIO_MOV3   0x000147    program     static F:\Projects\PIC\LCD_LIB.X\main.asm
              CORNIO_MOV4   0x00014a    program     static F:\Projects\PIC\LCD_LIB.X\main.asm
              CORNIO_MOV5   0x00014d    program     static F:\Projects\PIC\LCD_LIB.X\main.asm
              CORNIO_MOV6   0x000150    program     static F:\Projects\PIC\LCD_LIB.X\main.asm
              CORNIO_MOV7   0x000153    program     static F:\Projects\PIC\LCD_LIB.X\main.asm
              CORNIO_MOV8   0x000156    program     static F:\Projects\PIC\LCD_LIB.X\main.asm
              CORNIO_MOV9   0x000159    program     static F:\Projects\PIC\LCD_LIB.X\main.asm
              CORNIO_EXIT   0x00015c    program     static F:\Projects\PIC\LCD_LIB.X\main.asm
          _MAIN_PROG_011C   0x000161    program     static F:\Projects\PIC\LCD_LIB.X\main.asm
          _MAIN_PROG_011E   0x000163    program     static F:\Projects\PIC\LCD_LIB.X\main.asm
                  TELA_AP   0x000165    program     static F:\Projects\PIC\LCD_LIB.X\main.asm
          TELA_INSTRUCOES   0x000236    program     static F:\Projects\PIC\LCD_LIB.X\main.asm
           ENABLE_DISPLAY   0x000307    program     static F:\Projects\PIC\LCD_LIB.X\main.asm
     CORNIO_DISPLAY_F_DEF   0x000312    program     static F:\Projects\PIC\LCD_LIB.X\main.asm
            CORNIO_DRAW_9   0x00033b    program     static F:\Projects\PIC\LCD_LIB.X\main.asm
          _MAIN_PROG_02FF   0x000344    program     static F:\Projects\PIC\LCD_LIB.X\main.asm
          _MAIN_PROG_0301   0x000346    program     static F:\Projects\PIC\LCD_LIB.X\main.asm
            CORNIO_DRAW_8   0x000348    program     static F:\Projects\PIC\LCD_LIB.X\main.asm
          _MAIN_PROG_030C   0x000351    program     static F:\Projects\PIC\LCD_LIB.X\main.asm
          _MAIN_PROG_030E   0x000353    program     static F:\Projects\PIC\LCD_LIB.X\main.asm
            CORNIO_DRAW_7   0x000355    program     static F:\Projects\PIC\LCD_LIB.X\main.asm
          _MAIN_PROG_0319   0x00035e    program     static F:\Projects\PIC\LCD_LIB.X\main.asm
          _MAIN_PROG_031B   0x000360    program     static F:\Projects\PIC\LCD_LIB.X\main.asm
            CORNIO_DRAW_6   0x000362    program     static F:\Projects\PIC\LCD_LIB.X\main.asm
          _MAIN_PROG_0326   0x00036b    program     static F:\Projects\PIC\LCD_LIB.X\main.asm
          _MAIN_PROG_0328   0x00036d    program     static F:\Projects\PIC\LCD_LIB.X\main.asm
            CORNIO_DRAW_5   0x00036f    program     static F:\Projects\PIC\LCD_LIB.X\main.asm
          _MAIN_PROG_0333   0x000378    program     static F:\Projects\PIC\LCD_LIB.X\main.asm
          _MAIN_PROG_0335   0x00037a    program     static F:\Projects\PIC\LCD_LIB.X\main.asm
            CORNIO_DRAW_4   0x00037c    program     static F:\Projects\PIC\LCD_LIB.X\main.asm
          _MAIN_PROG_0340   0x000385    program     static F:\Projects\PIC\LCD_LIB.X\main.asm
          _MAIN_PROG_0342   0x000387    program     static F:\Projects\PIC\LCD_LIB.X\main.asm
            CORNIO_DRAW_3   0x000389    program     static F:\Projects\PIC\LCD_LIB.X\main.asm
          _MAIN_PROG_034D   0x000392    program     static F:\Projects\PIC\LCD_LIB.X\main.asm
          _MAIN_PROG_034F   0x000394    program     static F:\Projects\PIC\LCD_LIB.X\main.asm
            CORNIO_DRAW_2   0x000396    program     static F:\Projects\PIC\LCD_LIB.X\main.asm
          _MAIN_PROG_035A   0x00039f    program     static F:\Projects\PIC\LCD_LIB.X\main.asm
          _MAIN_PROG_035C   0x0003a1    program     static F:\Projects\PIC\LCD_LIB.X\main.asm
            CORNIO_DRAW_1   0x0003a3    program     static F:\Projects\PIC\LCD_LIB.X\main.asm
          _MAIN_PROG_0367   0x0003ac    program     static F:\Projects\PIC\LCD_LIB.X\main.asm
          _MAIN_PROG_0369   0x0003ae    program     static F:\Projects\PIC\LCD_LIB.X\main.asm
            CORNIO_DRAW_0   0x0003b0    program     static F:\Projects\PIC\LCD_LIB.X\main.asm
          _MAIN_PROG_0374   0x0003b9    program     static F:\Projects\PIC\LCD_LIB.X\main.asm
          _MAIN_PROG_0376   0x0003bb    program     static F:\Projects\PIC\LCD_LIB.X\main.asm
CORNIO_DISPLAY_F_DEF_EXIT   0x0003bd    program     static F:\Projects\PIC\LCD_LIB.X\main.asm
                TELA_GAME   0x0003be    program     static F:\Projects\PIC\LCD_LIB.X\main.asm
              PLAYER_ON_3   0x0003e8    program     static F:\Projects\PIC\LCD_LIB.X\main.asm
          _MAIN_PROG_03C2   0x000407    program     static F:\Projects\PIC\LCD_LIB.X\main.asm
          _MAIN_PROG_03C3   0x000408    program     static F:\Projects\PIC\LCD_LIB.X\main.asm
          _MAIN_PROG_03C7   0x00040c    program     static F:\Projects\PIC\LCD_LIB.X\main.asm
          _MAIN_PROG_03CD   0x000412    program     static F:\Projects\PIC\LCD_LIB.X\main.asm
          _MAIN_PROG_03CE   0x000413    program     static F:\Projects\PIC\LCD_LIB.X\main.asm
          _MAIN_PROG_03D2   0x000417    program     static F:\Projects\PIC\LCD_LIB.X\main.asm
          _MAIN_PROG_03D8   0x00041d    program     static F:\Projects\PIC\LCD_LIB.X\main.asm
          _MAIN_PROG_03D9   0x00041e    program     static F:\Projects\PIC\LCD_LIB.X\main.asm
          _MAIN_PROG_03DD   0x000422    program     static F:\Projects\PIC\LCD_LIB.X\main.asm
          _MAIN_PROG_03E3   0x000428    program     static F:\Projects\PIC\LCD_LIB.X\main.asm
          _MAIN_PROG_03E4   0x000429    program     static F:\Projects\PIC\LCD_LIB.X\main.asm
          _MAIN_PROG_03E8   0x00042d    program     static F:\Projects\PIC\LCD_LIB.X\main.asm
          _MAIN_PROG_03EE   0x000433    program     static F:\Projects\PIC\LCD_LIB.X\main.asm
          _MAIN_PROG_03EF   0x000434    program     static F:\Projects\PIC\LCD_LIB.X\main.asm
          _MAIN_PROG_03F3   0x000438    program     static F:\Projects\PIC\LCD_LIB.X\main.asm
          _MAIN_PROG_03F9   0x00043e    program     static F:\Projects\PIC\LCD_LIB.X\main.asm
          _MAIN_PROG_03FA   0x00043f    program     static F:\Projects\PIC\LCD_LIB.X\main.asm
          _MAIN_PROG_03FE   0x000443    program     static F:\Projects\PIC\LCD_LIB.X\main.asm
          _MAIN_PROG_0404   0x000449    program     static F:\Projects\PIC\LCD_LIB.X\main.asm
          _MAIN_PROG_0405   0x00044a    program     static F:\Projects\PIC\LCD_LIB.X\main.asm
          _MAIN_PROG_0409   0x00044e    program     static F:\Projects\PIC\LCD_LIB.X\main.asm
          _MAIN_PROG_040F   0x000454    program     static F:\Projects\PIC\LCD_LIB.X\main.asm
          _MAIN_PROG_0410   0x000455    program     static F:\Projects\PIC\LCD_LIB.X\main.asm
          _MAIN_PROG_0414   0x000459    program     static F:\Projects\PIC\LCD_LIB.X\main.asm
          _MAIN_PROG_041A   0x00045f    program     static F:\Projects\PIC\LCD_LIB.X\main.asm
          _MAIN_PROG_041B   0x000460    program     static F:\Projects\PIC\LCD_LIB.X\main.asm
          _MAIN_PROG_041F   0x000464    program     static F:\Projects\PIC\LCD_LIB.X\main.asm
          _MAIN_PROG_0425   0x00046a    program     static F:\Projects\PIC\LCD_LIB.X\main.asm
          _MAIN_PROG_0426   0x00046b    program     static F:\Projects\PIC\LCD_LIB.X\main.asm
          _MAIN_PROG_042A   0x00046f    program     static F:\Projects\PIC\LCD_LIB.X\main.asm
          _MAIN_PROG_0430   0x000475    program     static F:\Projects\PIC\LCD_LIB.X\main.asm
          _MAIN_PROG_0431   0x000476    program     static F:\Projects\PIC\LCD_LIB.X\main.asm
          _MAIN_PROG_0435   0x00047a    program     static F:\Projects\PIC\LCD_LIB.X\main.asm
          _MAIN_PROG_043B   0x000480    program     static F:\Projects\PIC\LCD_LIB.X\main.asm
          _MAIN_PROG_043C   0x000481    program     static F:\Projects\PIC\LCD_LIB.X\main.asm
          _MAIN_PROG_0440   0x000485    program     static F:\Projects\PIC\LCD_LIB.X\main.asm
          _MAIN_PROG_0446   0x00048b    program     static F:\Projects\PIC\LCD_LIB.X\main.asm
          _MAIN_PROG_0447   0x00048c    program     static F:\Projects\PIC\LCD_LIB.X\main.asm
          _MAIN_PROG_044B   0x000490    program     static F:\Projects\PIC\LCD_LIB.X\main.asm
          _MAIN_PROG_0451   0x000496    program     static F:\Projects\PIC\LCD_LIB.X\main.asm
          _MAIN_PROG_0452   0x000497    program     static F:\Projects\PIC\LCD_LIB.X\main.asm
          _MAIN_PROG_0456   0x00049b    program     static F:\Projects\PIC\LCD_LIB.X\main.asm
          _MAIN_PROG_045C   0x0004a1    program     static F:\Projects\PIC\LCD_LIB.X\main.asm
          _MAIN_PROG_045D   0x0004a2    program     static F:\Projects\PIC\LCD_LIB.X\main.asm
          _MAIN_PROG_0461   0x0004a6    program     static F:\Projects\PIC\LCD_LIB.X\main.asm
          _MAIN_PROG_0467   0x0004ac    program     static F:\Projects\PIC\LCD_LIB.X\main.asm
          _MAIN_PROG_0468   0x0004ad    program     static F:\Projects\PIC\LCD_LIB.X\main.asm
          _MAIN_PROG_046C   0x0004b1    program     static F:\Projects\PIC\LCD_LIB.X\main.asm
              PLAYER_ON_4   0x0004b7    program     static F:\Projects\PIC\LCD_LIB.X\main.asm
          _MAIN_PROG_0491   0x0004d6    program     static F:\Projects\PIC\LCD_LIB.X\main.asm
          _MAIN_PROG_0492   0x0004d7    program     static F:\Projects\PIC\LCD_LIB.X\main.asm
          _MAIN_PROG_0496   0x0004db    program     static F:\Projects\PIC\LCD_LIB.X\main.asm
          _MAIN_PROG_049C   0x0004e1    program     static F:\Projects\PIC\LCD_LIB.X\main.asm
          _MAIN_PROG_049D   0x0004e2    program     static F:\Projects\PIC\LCD_LIB.X\main.asm
          _MAIN_PROG_04A1   0x0004e6    program     static F:\Projects\PIC\LCD_LIB.X\main.asm
          _MAIN_PROG_04A7   0x0004ec    program     static F:\Projects\PIC\LCD_LIB.X\main.asm
          _MAIN_PROG_04A8   0x0004ed    program     static F:\Projects\PIC\LCD_LIB.X\main.asm
          _MAIN_PROG_04AC   0x0004f1    program     static F:\Projects\PIC\LCD_LIB.X\main.asm
          _MAIN_PROG_04B2   0x0004f7    program     static F:\Projects\PIC\LCD_LIB.X\main.asm
          _MAIN_PROG_04B3   0x0004f8    program     static F:\Projects\PIC\LCD_LIB.X\main.asm
          _MAIN_PROG_04B7   0x0004fc    program     static F:\Projects\PIC\LCD_LIB.X\main.asm
          _MAIN_PROG_04BD   0x000502    program     static F:\Projects\PIC\LCD_LIB.X\main.asm
          _MAIN_PROG_04BE   0x000503    program     static F:\Projects\PIC\LCD_LIB.X\main.asm
          _MAIN_PROG_04C2   0x000507    program     static F:\Projects\PIC\LCD_LIB.X\main.asm
          _MAIN_PROG_04C8   0x00050d    program     static F:\Projects\PIC\LCD_LIB.X\main.asm
          _MAIN_PROG_04C9   0x00050e    program     static F:\Projects\PIC\LCD_LIB.X\main.asm
          _MAIN_PROG_04CD   0x000512    program     static F:\Projects\PIC\LCD_LIB.X\main.asm
          _MAIN_PROG_04D3   0x000518    program     static F:\Projects\PIC\LCD_LIB.X\main.asm
          _MAIN_PROG_04D4   0x000519    program     static F:\Projects\PIC\LCD_LIB.X\main.asm
          _MAIN_PROG_04D8   0x00051d    program     static F:\Projects\PIC\LCD_LIB.X\main.asm
          _MAIN_PROG_04E1   0x000526    program     static F:\Projects\PIC\LCD_LIB.X\main.asm
          _MAIN_PROG_04E2   0x000527    program     static F:\Projects\PIC\LCD_LIB.X\main.asm
          _MAIN_PROG_04E6   0x00052b    program     static F:\Projects\PIC\LCD_LIB.X\main.asm
          _MAIN_PROG_04EC   0x000531    program     static F:\Projects\PIC\LCD_LIB.X\main.asm
          _MAIN_PROG_04ED   0x000532    program     static F:\Projects\PIC\LCD_LIB.X\main.asm
          _MAIN_PROG_04F1   0x000536    program     static F:\Projects\PIC\LCD_LIB.X\main.asm
          _MAIN_PROG_04F7   0x00053c    program     static F:\Projects\PIC\LCD_LIB.X\main.asm
          _MAIN_PROG_04F8   0x00053d    program     static F:\Projects\PIC\LCD_LIB.X\main.asm
          _MAIN_PROG_04FC   0x000541    program     static F:\Projects\PIC\LCD_LIB.X\main.asm
          _MAIN_PROG_0502   0x000547    program     static F:\Projects\PIC\LCD_LIB.X\main.asm
          _MAIN_PROG_0503   0x000548    program     static F:\Projects\PIC\LCD_LIB.X\main.asm
          _MAIN_PROG_0507   0x00054c    program     static F:\Projects\PIC\LCD_LIB.X\main.asm
          _MAIN_PROG_050D   0x000552    program     static F:\Projects\PIC\LCD_LIB.X\main.asm
          _MAIN_PROG_050E   0x000553    program     static F:\Projects\PIC\LCD_LIB.X\main.asm
          _MAIN_PROG_0512   0x000557    program     static F:\Projects\PIC\LCD_LIB.X\main.asm
          _MAIN_PROG_0518   0x00055d    program     static F:\Projects\PIC\LCD_LIB.X\main.asm
          _MAIN_PROG_0519   0x00055e    program     static F:\Projects\PIC\LCD_LIB.X\main.asm
          _MAIN_PROG_051D   0x000562    program     static F:\Projects\PIC\LCD_LIB.X\main.asm
          _MAIN_PROG_0523   0x000568    program     static F:\Projects\PIC\LCD_LIB.X\main.asm
          _MAIN_PROG_0524   0x000569    program     static F:\Projects\PIC\LCD_LIB.X\main.asm
          _MAIN_PROG_0528   0x00056d    program     static F:\Projects\PIC\LCD_LIB.X\main.asm
          _MAIN_PROG_052E   0x000573    program     static F:\Projects\PIC\LCD_LIB.X\main.asm
          _MAIN_PROG_052F   0x000574    program     static F:\Projects\PIC\LCD_LIB.X\main.asm
          _MAIN_PROG_0533   0x000578    program     static F:\Projects\PIC\LCD_LIB.X\main.asm
          END_PLAYER_DRAW   0x00057e    program     static F:\Projects\PIC\LCD_LIB.X\main.asm
          SETUP_TIMER_INT   0x00057f    program     static F:\Projects\PIC\LCD_LIB.X\main.asm
             TELA_INICIAL   0x000591    program     static F:\Projects\PIC\LCD_LIB.X\main.asm
          _MAIN_PROG_0557   0x00059c    program     static F:\Projects\PIC\LCD_LIB.X\main.asm
          _MAIN_PROG_0559   0x00059e    program     static F:\Projects\PIC\LCD_LIB.X\main.asm
          _MAIN_PROG_055B   0x0005a0    program     static F:\Projects\PIC\LCD_LIB.X\main.asm
          _MAIN_PROG_055D   0x0005a2    program     static F:\Projects\PIC\LCD_LIB.X\main.asm
          _MAIN_PROG_0567   0x0005ac    program     static F:\Projects\PIC\LCD_LIB.X\main.asm
          _MAIN_PROG_0569   0x0005ae    program     static F:\Projects\PIC\LCD_LIB.X\main.asm
          _MAIN_PROG_056B   0x0005b0    program     static F:\Projects\PIC\LCD_LIB.X\main.asm
          _MAIN_PROG_056D   0x0005b2    program     static F:\Projects\PIC\LCD_LIB.X\main.asm
          _MAIN_PROG_0577   0x0005bc    program     static F:\Projects\PIC\LCD_LIB.X\main.asm
          _MAIN_PROG_0579   0x0005be    program     static F:\Projects\PIC\LCD_LIB.X\main.asm
          _MAIN_PROG_057B   0x0005c0    program     static F:\Projects\PIC\LCD_LIB.X\main.asm
          _MAIN_PROG_057D   0x0005c2    program     static F:\Projects\PIC\LCD_LIB.X\main.asm
          _MAIN_PROG_0587   0x0005cc    program     static F:\Projects\PIC\LCD_LIB.X\main.asm
          _MAIN_PROG_0589   0x0005ce    program     static F:\Projects\PIC\LCD_LIB.X\main.asm
          _MAIN_PROG_058B   0x0005d0    program     static F:\Projects\PIC\LCD_LIB.X\main.asm
          _MAIN_PROG_058D   0x0005d2    program     static F:\Projects\PIC\LCD_LIB.X\main.asm
          _MAIN_PROG_0597   0x0005dc    program     static F:\Projects\PIC\LCD_LIB.X\main.asm
          _MAIN_PROG_0599   0x0005de    program     static F:\Projects\PIC\LCD_LIB.X\main.asm
          _MAIN_PROG_059B   0x0005e0    program     static F:\Projects\PIC\LCD_LIB.X\main.asm
          _MAIN_PROG_059D   0x0005e2    program     static F:\Projects\PIC\LCD_LIB.X\main.asm
                    START   0x0005e4    program     static F:\Projects\PIC\LCD_LIB.X\main.asm
                     LOOP   0x0005e8    program     static F:\Projects\PIC\LCD_LIB.X\main.asm
                     MENU   0x0005f4    program     static F:\Projects\PIC\LCD_LIB.X\main.asm
                 MENU_INP   0x0005f6    program     static F:\Projects\PIC\LCD_LIB.X\main.asm
          _MAIN_PROG_05BD   0x000602    program     static F:\Projects\PIC\LCD_LIB.X\main.asm
          _MAIN_PROG_05BF   0x000604    program     static F:\Projects\PIC\LCD_LIB.X\main.asm
                     GAME   0x000609    program     static F:\Projects\PIC\LCD_LIB.X\main.asm
          PLAYER_NOT_JUNP   0x000611    program     static F:\Projects\PIC\LCD_LIB.X\main.asm
                  ENTRADA   0x000020       data     static F:\Projects\PIC\LCD_LIB.X\main.asm
              PONTUACAO_U   0x000021       data     static F:\Projects\PIC\LCD_LIB.X\main.asm
              PONTUACAO_D   0x000022       data     static F:\Projects\PIC\LCD_LIB.X\main.asm
             JOGO_RODANDO   0x000023       data     static F:\Projects\PIC\LCD_LIB.X\main.asm
              TIMER_COUNT   0x000024       data     static F:\Projects\PIC\LCD_LIB.X\main.asm
         TIMER_MOVE_PEDRA   0x000025       data     static F:\Projects\PIC\LCD_LIB.X\main.asm
         CORNIO_DELAY_FT1   0x000026       data     static F:\Projects\PIC\LCD_LIB.X\main.asm
         CORNIO_DELAY_FT2   0x000027       data     static F:\Projects\PIC\LCD_LIB.X\main.asm
         CORNIO_DELAY_FT3   0x000028       data     static F:\Projects\PIC\LCD_LIB.X\main.asm
         CORNIO_DELAY_FT4   0x000029       data     static F:\Projects\PIC\LCD_LIB.X\main.asm
            LCD_CMD_INPUT   0x00002a       data     static F:\Projects\PIC\LCD_LIB.X\main.asm
            LCD_DAT_INPUT   0x00002b       data     static F:\Projects\PIC\LCD_LIB.X\main.asm
      CORNIO_DISPLAY_DISP   0x00002c       data     static F:\Projects\PIC\LCD_LIB.X\main.asm
     CORNIO_DISPLAY_VALUE   0x00002d       data     static F:\Projects\PIC\LCD_LIB.X\main.asm
CORNIO_DISPLAY_TO_DRAW_DISP   0x00002e       data     static F:\Projects\PIC\LCD_LIB.X\main.asm
CORNIO_DISPLAY_TO_DRAW_VALUE   0x00002f       data     static F:\Projects\PIC\LCD_LIB.X\main.asm
                   VOANDO   0x000030       data     static F:\Projects\PIC\LCD_LIB.X\main.asm
             TEMPO_VOANDO   0x000031       data     static F:\Projects\PIC\LCD_LIB.X\main.asm
             CENA_LINHA_4   0x000032       data     static F:\Projects\PIC\LCD_LIB.X\main.asm
           CENA_LINHA_4_1   0x000033       data     static F:\Projects\PIC\LCD_LIB.X\main.asm
                TEMP_PT_D   0x000034       data     static F:\Projects\PIC\LCD_LIB.X\main.asm
                TEMP_PT_U   0x000035       data     static F:\Projects\PIC\LCD_LIB.X\main.asm


