MPLINK 5.09, LINKER
Linker Map File - Created Sat Jun 06 01:21:23 2020

                                 Section Info
                  Section       Type    Address   Location Size(Bytes)
                ---------  ---------  ---------  ---------  ---------
                 RES_VECT       code   0x000000    program   0x000002
                   .cinit    romdata   0x000001    program   0x000004
                      ISR       code   0x000004    program   0x000032
                MAIN_PROG       code   0x00001d    program   0x00095a
.config_2007_BUILD/DEFAULT/DEBUG/MAIN.O       code   0x002007    program   0x000002
                  GPR_VAR      udata   0x000020       data   0x000014



                              Program Memory Usage 
                               Start         End      
                           ---------   ---------      
                            0x000000    0x000002      
                            0x000004    0x0004c9      
                            0x002007    0x002007      
            1226 out of 8454 program addresses used, program memory utilization is 14%



                              Symbols - Sorted by Name
                     Name    Address   Location    Storage File                     
                ---------  ---------  ---------  --------- ---------                
     CORNIO_DISPLAY_F_DEF   0x0002ea    program     static F:\Projects\PIC\LCD_LIB.X\main.asm
CORNIO_DISPLAY_F_DEF_EXIT   0x000395    program     static F:\Projects\PIC\LCD_LIB.X\main.asm
            CORNIO_DRAW_0   0x000388    program     static F:\Projects\PIC\LCD_LIB.X\main.asm
            CORNIO_DRAW_1   0x00037b    program     static F:\Projects\PIC\LCD_LIB.X\main.asm
            CORNIO_DRAW_2   0x00036e    program     static F:\Projects\PIC\LCD_LIB.X\main.asm
            CORNIO_DRAW_3   0x000361    program     static F:\Projects\PIC\LCD_LIB.X\main.asm
            CORNIO_DRAW_4   0x000354    program     static F:\Projects\PIC\LCD_LIB.X\main.asm
            CORNIO_DRAW_5   0x000347    program     static F:\Projects\PIC\LCD_LIB.X\main.asm
            CORNIO_DRAW_6   0x00033a    program     static F:\Projects\PIC\LCD_LIB.X\main.asm
            CORNIO_DRAW_7   0x00032d    program     static F:\Projects\PIC\LCD_LIB.X\main.asm
            CORNIO_DRAW_8   0x000320    program     static F:\Projects\PIC\LCD_LIB.X\main.asm
            CORNIO_DRAW_9   0x000313    program     static F:\Projects\PIC\LCD_LIB.X\main.asm
              CORNIO_EXIT   0x000134    program     static F:\Projects\PIC\LCD_LIB.X\main.asm
             CORNIO_INPUT   0x0000cf    program     static F:\Projects\PIC\LCD_LIB.X\main.asm
       CORNIO_INPUT_DELAY   0x000107    program     static F:\Projects\PIC\LCD_LIB.X\main.asm
        CORNIO_INPUT_LOOP   0x000097    program     static F:\Projects\PIC\LCD_LIB.X\main.asm
    CORNIO_INPUT_LOOP_INI   0x0000a2    program     static F:\Projects\PIC\LCD_LIB.X\main.asm
              CORNIO_MOV0   0x000116    program     static F:\Projects\PIC\LCD_LIB.X\main.asm
              CORNIO_MOV1   0x000119    program     static F:\Projects\PIC\LCD_LIB.X\main.asm
              CORNIO_MOV2   0x00011c    program     static F:\Projects\PIC\LCD_LIB.X\main.asm
              CORNIO_MOV3   0x00011f    program     static F:\Projects\PIC\LCD_LIB.X\main.asm
              CORNIO_MOV4   0x000122    program     static F:\Projects\PIC\LCD_LIB.X\main.asm
              CORNIO_MOV5   0x000125    program     static F:\Projects\PIC\LCD_LIB.X\main.asm
              CORNIO_MOV6   0x000128    program     static F:\Projects\PIC\LCD_LIB.X\main.asm
              CORNIO_MOV7   0x00012b    program     static F:\Projects\PIC\LCD_LIB.X\main.asm
              CORNIO_MOV8   0x00012e    program     static F:\Projects\PIC\LCD_LIB.X\main.asm
              CORNIO_MOV9   0x000131    program     static F:\Projects\PIC\LCD_LIB.X\main.asm
         CORNIO_MOV_ASTER   0x000110    program     static F:\Projects\PIC\LCD_LIB.X\main.asm
          CORNIO_MOV_HASH   0x000113    program     static F:\Projects\PIC\LCD_LIB.X\main.asm
             DEFINE_FUNCS   0x00001d    program     static F:\Projects\PIC\LCD_LIB.X\main.asm
              DEF_LCD_CMD   0x000028    program     static F:\Projects\PIC\LCD_LIB.X\main.asm
              DEF_LCD_DAT   0x00003f    program     static F:\Projects\PIC\LCD_LIB.X\main.asm
           ENABLE_DISPLAY   0x0002df    program     static F:\Projects\PIC\LCD_LIB.X\main.asm
          ENABLE_KEYBOARD   0x00008b    program     static F:\Projects\PIC\LCD_LIB.X\main.asm
          END_PLAYER_DRAW   0x000439    program     static F:\Projects\PIC\LCD_LIB.X\main.asm
                     GAME   0x0004c1    program     static F:\Projects\PIC\LCD_LIB.X\main.asm
                LCD_CLEAR   0x000024    program     static F:\Projects\PIC\LCD_LIB.X\main.asm
               LCD_ENABLE   0x00001d    program     static F:\Projects\PIC\LCD_LIB.X\main.asm
                 LCD_INIT   0x000056    program     static F:\Projects\PIC\LCD_LIB.X\main.asm
                     LOOP   0x0004a8    program     static F:\Projects\PIC\LCD_LIB.X\main.asm
                     MENU   0x0004ac    program     static F:\Projects\PIC\LCD_LIB.X\main.asm
                 MENU_INP   0x0004ae    program     static F:\Projects\PIC\LCD_LIB.X\main.asm
        MOSTRAR_PONTUACAO   0x00049f    program     static F:\Projects\PIC\LCD_LIB.X\main.asm
          PLAYER_NOT_JUNP   0x0004c8    program     static F:\Projects\PIC\LCD_LIB.X\main.asm
              PLAYER_ON_3   0x00039b    program     static F:\Projects\PIC\LCD_LIB.X\main.asm
              PLAYER_ON_4   0x0003ea    program     static F:\Projects\PIC\LCD_LIB.X\main.asm
          SETUP_TIMER_INT   0x00043a    program     static F:\Projects\PIC\LCD_LIB.X\main.asm
    SKIP_INC_TEMPO_VOANDO   0x000017    program     static F:\Projects\PIC\LCD_LIB.X\main.asm
                    START   0x0004a6    program     static F:\Projects\PIC\LCD_LIB.X\main.asm
                  TELA_AP   0x00013d    program     static F:\Projects\PIC\LCD_LIB.X\main.asm
                TELA_GAME   0x000396    program     static F:\Projects\PIC\LCD_LIB.X\main.asm
             TELA_INICIAL   0x00044c    program     static F:\Projects\PIC\LCD_LIB.X\main.asm
          TELA_INSTRUCOES   0x00020e    program     static F:\Projects\PIC\LCD_LIB.X\main.asm
                TIMER_INT   0x000007    program     static F:\Projects\PIC\LCD_LIB.X\main.asm
          _MAIN_PROG_0014   0x000031    program     static F:\Projects\PIC\LCD_LIB.X\main.asm
          _MAIN_PROG_0016   0x000033    program     static F:\Projects\PIC\LCD_LIB.X\main.asm
          _MAIN_PROG_001D   0x00003a    program     static F:\Projects\PIC\LCD_LIB.X\main.asm
          _MAIN_PROG_001F   0x00003c    program     static F:\Projects\PIC\LCD_LIB.X\main.asm
          _MAIN_PROG_002B   0x000048    program     static F:\Projects\PIC\LCD_LIB.X\main.asm
          _MAIN_PROG_002D   0x00004a    program     static F:\Projects\PIC\LCD_LIB.X\main.asm
          _MAIN_PROG_0034   0x000051    program     static F:\Projects\PIC\LCD_LIB.X\main.asm
          _MAIN_PROG_0036   0x000053    program     static F:\Projects\PIC\LCD_LIB.X\main.asm
          _MAIN_PROG_0041   0x00005e    program     static F:\Projects\PIC\LCD_LIB.X\main.asm
          _MAIN_PROG_0043   0x000060    program     static F:\Projects\PIC\LCD_LIB.X\main.asm
          _MAIN_PROG_004D   0x00006a    program     static F:\Projects\PIC\LCD_LIB.X\main.asm
          _MAIN_PROG_004F   0x00006c    program     static F:\Projects\PIC\LCD_LIB.X\main.asm
          _MAIN_PROG_0058   0x000075    program     static F:\Projects\PIC\LCD_LIB.X\main.asm
          _MAIN_PROG_005A   0x000077    program     static F:\Projects\PIC\LCD_LIB.X\main.asm
          _MAIN_PROG_00EF   0x00010c    program     static F:\Projects\PIC\LCD_LIB.X\main.asm
          _MAIN_PROG_00F1   0x00010e    program     static F:\Projects\PIC\LCD_LIB.X\main.asm
          _MAIN_PROG_011C   0x000139    program     static F:\Projects\PIC\LCD_LIB.X\main.asm
          _MAIN_PROG_011E   0x00013b    program     static F:\Projects\PIC\LCD_LIB.X\main.asm
          _MAIN_PROG_02FF   0x00031c    program     static F:\Projects\PIC\LCD_LIB.X\main.asm
          _MAIN_PROG_0301   0x00031e    program     static F:\Projects\PIC\LCD_LIB.X\main.asm
          _MAIN_PROG_030C   0x000329    program     static F:\Projects\PIC\LCD_LIB.X\main.asm
          _MAIN_PROG_030E   0x00032b    program     static F:\Projects\PIC\LCD_LIB.X\main.asm
          _MAIN_PROG_0319   0x000336    program     static F:\Projects\PIC\LCD_LIB.X\main.asm
          _MAIN_PROG_031B   0x000338    program     static F:\Projects\PIC\LCD_LIB.X\main.asm
          _MAIN_PROG_0326   0x000343    program     static F:\Projects\PIC\LCD_LIB.X\main.asm
          _MAIN_PROG_0328   0x000345    program     static F:\Projects\PIC\LCD_LIB.X\main.asm
          _MAIN_PROG_0333   0x000350    program     static F:\Projects\PIC\LCD_LIB.X\main.asm
          _MAIN_PROG_0335   0x000352    program     static F:\Projects\PIC\LCD_LIB.X\main.asm
          _MAIN_PROG_0340   0x00035d    program     static F:\Projects\PIC\LCD_LIB.X\main.asm
          _MAIN_PROG_0342   0x00035f    program     static F:\Projects\PIC\LCD_LIB.X\main.asm
          _MAIN_PROG_034D   0x00036a    program     static F:\Projects\PIC\LCD_LIB.X\main.asm
          _MAIN_PROG_034F   0x00036c    program     static F:\Projects\PIC\LCD_LIB.X\main.asm
          _MAIN_PROG_035A   0x000377    program     static F:\Projects\PIC\LCD_LIB.X\main.asm
          _MAIN_PROG_035C   0x000379    program     static F:\Projects\PIC\LCD_LIB.X\main.asm
          _MAIN_PROG_0367   0x000384    program     static F:\Projects\PIC\LCD_LIB.X\main.asm
          _MAIN_PROG_0369   0x000386    program     static F:\Projects\PIC\LCD_LIB.X\main.asm
          _MAIN_PROG_0374   0x000391    program     static F:\Projects\PIC\LCD_LIB.X\main.asm
          _MAIN_PROG_0376   0x000393    program     static F:\Projects\PIC\LCD_LIB.X\main.asm
          _MAIN_PROG_043A   0x000457    program     static F:\Projects\PIC\LCD_LIB.X\main.asm
          _MAIN_PROG_043C   0x000459    program     static F:\Projects\PIC\LCD_LIB.X\main.asm
          _MAIN_PROG_043E   0x00045b    program     static F:\Projects\PIC\LCD_LIB.X\main.asm
          _MAIN_PROG_0440   0x00045d    program     static F:\Projects\PIC\LCD_LIB.X\main.asm
          _MAIN_PROG_044A   0x000467    program     static F:\Projects\PIC\LCD_LIB.X\main.asm
          _MAIN_PROG_044C   0x000469    program     static F:\Projects\PIC\LCD_LIB.X\main.asm
          _MAIN_PROG_044E   0x00046b    program     static F:\Projects\PIC\LCD_LIB.X\main.asm
          _MAIN_PROG_0450   0x00046d    program     static F:\Projects\PIC\LCD_LIB.X\main.asm
          _MAIN_PROG_045A   0x000477    program     static F:\Projects\PIC\LCD_LIB.X\main.asm
          _MAIN_PROG_045C   0x000479    program     static F:\Projects\PIC\LCD_LIB.X\main.asm
          _MAIN_PROG_045E   0x00047b    program     static F:\Projects\PIC\LCD_LIB.X\main.asm
          _MAIN_PROG_0460   0x00047d    program     static F:\Projects\PIC\LCD_LIB.X\main.asm
          _MAIN_PROG_046A   0x000487    program     static F:\Projects\PIC\LCD_LIB.X\main.asm
          _MAIN_PROG_046C   0x000489    program     static F:\Projects\PIC\LCD_LIB.X\main.asm
          _MAIN_PROG_046E   0x00048b    program     static F:\Projects\PIC\LCD_LIB.X\main.asm
          _MAIN_PROG_0470   0x00048d    program     static F:\Projects\PIC\LCD_LIB.X\main.asm
          _MAIN_PROG_047A   0x000497    program     static F:\Projects\PIC\LCD_LIB.X\main.asm
          _MAIN_PROG_047C   0x000499    program     static F:\Projects\PIC\LCD_LIB.X\main.asm
          _MAIN_PROG_047E   0x00049b    program     static F:\Projects\PIC\LCD_LIB.X\main.asm
          _MAIN_PROG_0480   0x00049d    program     static F:\Projects\PIC\LCD_LIB.X\main.asm
          _MAIN_PROG_049D   0x0004ba    program     static F:\Projects\PIC\LCD_LIB.X\main.asm
          _MAIN_PROG_049F   0x0004bc    program     static F:\Projects\PIC\LCD_LIB.X\main.asm
             CENA_LINHA_3   0x000032       data     static F:\Projects\PIC\LCD_LIB.X\main.asm
             CENA_LINHA_4   0x000030       data     static F:\Projects\PIC\LCD_LIB.X\main.asm
         CORNIO_DELAY_FT1   0x000024       data     static F:\Projects\PIC\LCD_LIB.X\main.asm
         CORNIO_DELAY_FT2   0x000025       data     static F:\Projects\PIC\LCD_LIB.X\main.asm
         CORNIO_DELAY_FT3   0x000026       data     static F:\Projects\PIC\LCD_LIB.X\main.asm
         CORNIO_DELAY_FT4   0x000027       data     static F:\Projects\PIC\LCD_LIB.X\main.asm
      CORNIO_DISPLAY_DISP   0x00002a       data     static F:\Projects\PIC\LCD_LIB.X\main.asm
CORNIO_DISPLAY_TO_DRAW_DISP   0x00002c       data     static F:\Projects\PIC\LCD_LIB.X\main.asm
CORNIO_DISPLAY_TO_DRAW_VALUE   0x00002d       data     static F:\Projects\PIC\LCD_LIB.X\main.asm
     CORNIO_DISPLAY_VALUE   0x00002b       data     static F:\Projects\PIC\LCD_LIB.X\main.asm
                  ENTRADA   0x000020       data     static F:\Projects\PIC\LCD_LIB.X\main.asm
             JOGO_RODANDO   0x000022       data     static F:\Projects\PIC\LCD_LIB.X\main.asm
            LCD_CMD_INPUT   0x000028       data     static F:\Projects\PIC\LCD_LIB.X\main.asm
            LCD_DAT_INPUT   0x000029       data     static F:\Projects\PIC\LCD_LIB.X\main.asm
                PONTUACAO   0x000021       data     static F:\Projects\PIC\LCD_LIB.X\main.asm
             TEMPO_VOANDO   0x00002f       data     static F:\Projects\PIC\LCD_LIB.X\main.asm
              TIMER_COUNT   0x000023       data     static F:\Projects\PIC\LCD_LIB.X\main.asm
                   VOANDO   0x00002e       data     static F:\Projects\PIC\LCD_LIB.X\main.asm



                              Symbols - Sorted by Address
                     Name    Address   Location    Storage File                     
                ---------  ---------  ---------  --------- ---------                
                TIMER_INT   0x000007    program     static F:\Projects\PIC\LCD_LIB.X\main.asm
    SKIP_INC_TEMPO_VOANDO   0x000017    program     static F:\Projects\PIC\LCD_LIB.X\main.asm
               LCD_ENABLE   0x00001d    program     static F:\Projects\PIC\LCD_LIB.X\main.asm
             DEFINE_FUNCS   0x00001d    program     static F:\Projects\PIC\LCD_LIB.X\main.asm
                LCD_CLEAR   0x000024    program     static F:\Projects\PIC\LCD_LIB.X\main.asm
              DEF_LCD_CMD   0x000028    program     static F:\Projects\PIC\LCD_LIB.X\main.asm
          _MAIN_PROG_0014   0x000031    program     static F:\Projects\PIC\LCD_LIB.X\main.asm
          _MAIN_PROG_0016   0x000033    program     static F:\Projects\PIC\LCD_LIB.X\main.asm
          _MAIN_PROG_001D   0x00003a    program     static F:\Projects\PIC\LCD_LIB.X\main.asm
          _MAIN_PROG_001F   0x00003c    program     static F:\Projects\PIC\LCD_LIB.X\main.asm
              DEF_LCD_DAT   0x00003f    program     static F:\Projects\PIC\LCD_LIB.X\main.asm
          _MAIN_PROG_002B   0x000048    program     static F:\Projects\PIC\LCD_LIB.X\main.asm
          _MAIN_PROG_002D   0x00004a    program     static F:\Projects\PIC\LCD_LIB.X\main.asm
          _MAIN_PROG_0034   0x000051    program     static F:\Projects\PIC\LCD_LIB.X\main.asm
          _MAIN_PROG_0036   0x000053    program     static F:\Projects\PIC\LCD_LIB.X\main.asm
                 LCD_INIT   0x000056    program     static F:\Projects\PIC\LCD_LIB.X\main.asm
          _MAIN_PROG_0041   0x00005e    program     static F:\Projects\PIC\LCD_LIB.X\main.asm
          _MAIN_PROG_0043   0x000060    program     static F:\Projects\PIC\LCD_LIB.X\main.asm
          _MAIN_PROG_004D   0x00006a    program     static F:\Projects\PIC\LCD_LIB.X\main.asm
          _MAIN_PROG_004F   0x00006c    program     static F:\Projects\PIC\LCD_LIB.X\main.asm
          _MAIN_PROG_0058   0x000075    program     static F:\Projects\PIC\LCD_LIB.X\main.asm
          _MAIN_PROG_005A   0x000077    program     static F:\Projects\PIC\LCD_LIB.X\main.asm
          ENABLE_KEYBOARD   0x00008b    program     static F:\Projects\PIC\LCD_LIB.X\main.asm
        CORNIO_INPUT_LOOP   0x000097    program     static F:\Projects\PIC\LCD_LIB.X\main.asm
    CORNIO_INPUT_LOOP_INI   0x0000a2    program     static F:\Projects\PIC\LCD_LIB.X\main.asm
             CORNIO_INPUT   0x0000cf    program     static F:\Projects\PIC\LCD_LIB.X\main.asm
       CORNIO_INPUT_DELAY   0x000107    program     static F:\Projects\PIC\LCD_LIB.X\main.asm
          _MAIN_PROG_00EF   0x00010c    program     static F:\Projects\PIC\LCD_LIB.X\main.asm
          _MAIN_PROG_00F1   0x00010e    program     static F:\Projects\PIC\LCD_LIB.X\main.asm
         CORNIO_MOV_ASTER   0x000110    program     static F:\Projects\PIC\LCD_LIB.X\main.asm
          CORNIO_MOV_HASH   0x000113    program     static F:\Projects\PIC\LCD_LIB.X\main.asm
              CORNIO_MOV0   0x000116    program     static F:\Projects\PIC\LCD_LIB.X\main.asm
              CORNIO_MOV1   0x000119    program     static F:\Projects\PIC\LCD_LIB.X\main.asm
              CORNIO_MOV2   0x00011c    program     static F:\Projects\PIC\LCD_LIB.X\main.asm
              CORNIO_MOV3   0x00011f    program     static F:\Projects\PIC\LCD_LIB.X\main.asm
              CORNIO_MOV4   0x000122    program     static F:\Projects\PIC\LCD_LIB.X\main.asm
              CORNIO_MOV5   0x000125    program     static F:\Projects\PIC\LCD_LIB.X\main.asm
              CORNIO_MOV6   0x000128    program     static F:\Projects\PIC\LCD_LIB.X\main.asm
              CORNIO_MOV7   0x00012b    program     static F:\Projects\PIC\LCD_LIB.X\main.asm
              CORNIO_MOV8   0x00012e    program     static F:\Projects\PIC\LCD_LIB.X\main.asm
              CORNIO_MOV9   0x000131    program     static F:\Projects\PIC\LCD_LIB.X\main.asm
              CORNIO_EXIT   0x000134    program     static F:\Projects\PIC\LCD_LIB.X\main.asm
          _MAIN_PROG_011C   0x000139    program     static F:\Projects\PIC\LCD_LIB.X\main.asm
          _MAIN_PROG_011E   0x00013b    program     static F:\Projects\PIC\LCD_LIB.X\main.asm
                  TELA_AP   0x00013d    program     static F:\Projects\PIC\LCD_LIB.X\main.asm
          TELA_INSTRUCOES   0x00020e    program     static F:\Projects\PIC\LCD_LIB.X\main.asm
           ENABLE_DISPLAY   0x0002df    program     static F:\Projects\PIC\LCD_LIB.X\main.asm
     CORNIO_DISPLAY_F_DEF   0x0002ea    program     static F:\Projects\PIC\LCD_LIB.X\main.asm
            CORNIO_DRAW_9   0x000313    program     static F:\Projects\PIC\LCD_LIB.X\main.asm
          _MAIN_PROG_02FF   0x00031c    program     static F:\Projects\PIC\LCD_LIB.X\main.asm
          _MAIN_PROG_0301   0x00031e    program     static F:\Projects\PIC\LCD_LIB.X\main.asm
            CORNIO_DRAW_8   0x000320    program     static F:\Projects\PIC\LCD_LIB.X\main.asm
          _MAIN_PROG_030C   0x000329    program     static F:\Projects\PIC\LCD_LIB.X\main.asm
          _MAIN_PROG_030E   0x00032b    program     static F:\Projects\PIC\LCD_LIB.X\main.asm
            CORNIO_DRAW_7   0x00032d    program     static F:\Projects\PIC\LCD_LIB.X\main.asm
          _MAIN_PROG_0319   0x000336    program     static F:\Projects\PIC\LCD_LIB.X\main.asm
          _MAIN_PROG_031B   0x000338    program     static F:\Projects\PIC\LCD_LIB.X\main.asm
            CORNIO_DRAW_6   0x00033a    program     static F:\Projects\PIC\LCD_LIB.X\main.asm
          _MAIN_PROG_0326   0x000343    program     static F:\Projects\PIC\LCD_LIB.X\main.asm
          _MAIN_PROG_0328   0x000345    program     static F:\Projects\PIC\LCD_LIB.X\main.asm
            CORNIO_DRAW_5   0x000347    program     static F:\Projects\PIC\LCD_LIB.X\main.asm
          _MAIN_PROG_0333   0x000350    program     static F:\Projects\PIC\LCD_LIB.X\main.asm
          _MAIN_PROG_0335   0x000352    program     static F:\Projects\PIC\LCD_LIB.X\main.asm
            CORNIO_DRAW_4   0x000354    program     static F:\Projects\PIC\LCD_LIB.X\main.asm
          _MAIN_PROG_0340   0x00035d    program     static F:\Projects\PIC\LCD_LIB.X\main.asm
          _MAIN_PROG_0342   0x00035f    program     static F:\Projects\PIC\LCD_LIB.X\main.asm
            CORNIO_DRAW_3   0x000361    program     static F:\Projects\PIC\LCD_LIB.X\main.asm
          _MAIN_PROG_034D   0x00036a    program     static F:\Projects\PIC\LCD_LIB.X\main.asm
          _MAIN_PROG_034F   0x00036c    program     static F:\Projects\PIC\LCD_LIB.X\main.asm
            CORNIO_DRAW_2   0x00036e    program     static F:\Projects\PIC\LCD_LIB.X\main.asm
          _MAIN_PROG_035A   0x000377    program     static F:\Projects\PIC\LCD_LIB.X\main.asm
          _MAIN_PROG_035C   0x000379    program     static F:\Projects\PIC\LCD_LIB.X\main.asm
            CORNIO_DRAW_1   0x00037b    program     static F:\Projects\PIC\LCD_LIB.X\main.asm
          _MAIN_PROG_0367   0x000384    program     static F:\Projects\PIC\LCD_LIB.X\main.asm
          _MAIN_PROG_0369   0x000386    program     static F:\Projects\PIC\LCD_LIB.X\main.asm
            CORNIO_DRAW_0   0x000388    program     static F:\Projects\PIC\LCD_LIB.X\main.asm
          _MAIN_PROG_0374   0x000391    program     static F:\Projects\PIC\LCD_LIB.X\main.asm
          _MAIN_PROG_0376   0x000393    program     static F:\Projects\PIC\LCD_LIB.X\main.asm
CORNIO_DISPLAY_F_DEF_EXIT   0x000395    program     static F:\Projects\PIC\LCD_LIB.X\main.asm
                TELA_GAME   0x000396    program     static F:\Projects\PIC\LCD_LIB.X\main.asm
              PLAYER_ON_3   0x00039b    program     static F:\Projects\PIC\LCD_LIB.X\main.asm
              PLAYER_ON_4   0x0003ea    program     static F:\Projects\PIC\LCD_LIB.X\main.asm
          END_PLAYER_DRAW   0x000439    program     static F:\Projects\PIC\LCD_LIB.X\main.asm
          SETUP_TIMER_INT   0x00043a    program     static F:\Projects\PIC\LCD_LIB.X\main.asm
             TELA_INICIAL   0x00044c    program     static F:\Projects\PIC\LCD_LIB.X\main.asm
          _MAIN_PROG_043A   0x000457    program     static F:\Projects\PIC\LCD_LIB.X\main.asm
          _MAIN_PROG_043C   0x000459    program     static F:\Projects\PIC\LCD_LIB.X\main.asm
          _MAIN_PROG_043E   0x00045b    program     static F:\Projects\PIC\LCD_LIB.X\main.asm
          _MAIN_PROG_0440   0x00045d    program     static F:\Projects\PIC\LCD_LIB.X\main.asm
          _MAIN_PROG_044A   0x000467    program     static F:\Projects\PIC\LCD_LIB.X\main.asm
          _MAIN_PROG_044C   0x000469    program     static F:\Projects\PIC\LCD_LIB.X\main.asm
          _MAIN_PROG_044E   0x00046b    program     static F:\Projects\PIC\LCD_LIB.X\main.asm
          _MAIN_PROG_0450   0x00046d    program     static F:\Projects\PIC\LCD_LIB.X\main.asm
          _MAIN_PROG_045A   0x000477    program     static F:\Projects\PIC\LCD_LIB.X\main.asm
          _MAIN_PROG_045C   0x000479    program     static F:\Projects\PIC\LCD_LIB.X\main.asm
          _MAIN_PROG_045E   0x00047b    program     static F:\Projects\PIC\LCD_LIB.X\main.asm
          _MAIN_PROG_0460   0x00047d    program     static F:\Projects\PIC\LCD_LIB.X\main.asm
          _MAIN_PROG_046A   0x000487    program     static F:\Projects\PIC\LCD_LIB.X\main.asm
          _MAIN_PROG_046C   0x000489    program     static F:\Projects\PIC\LCD_LIB.X\main.asm
          _MAIN_PROG_046E   0x00048b    program     static F:\Projects\PIC\LCD_LIB.X\main.asm
          _MAIN_PROG_0470   0x00048d    program     static F:\Projects\PIC\LCD_LIB.X\main.asm
          _MAIN_PROG_047A   0x000497    program     static F:\Projects\PIC\LCD_LIB.X\main.asm
          _MAIN_PROG_047C   0x000499    program     static F:\Projects\PIC\LCD_LIB.X\main.asm
          _MAIN_PROG_047E   0x00049b    program     static F:\Projects\PIC\LCD_LIB.X\main.asm
          _MAIN_PROG_0480   0x00049d    program     static F:\Projects\PIC\LCD_LIB.X\main.asm
        MOSTRAR_PONTUACAO   0x00049f    program     static F:\Projects\PIC\LCD_LIB.X\main.asm
                    START   0x0004a6    program     static F:\Projects\PIC\LCD_LIB.X\main.asm
                     LOOP   0x0004a8    program     static F:\Projects\PIC\LCD_LIB.X\main.asm
                     MENU   0x0004ac    program     static F:\Projects\PIC\LCD_LIB.X\main.asm
                 MENU_INP   0x0004ae    program     static F:\Projects\PIC\LCD_LIB.X\main.asm
          _MAIN_PROG_049D   0x0004ba    program     static F:\Projects\PIC\LCD_LIB.X\main.asm
          _MAIN_PROG_049F   0x0004bc    program     static F:\Projects\PIC\LCD_LIB.X\main.asm
                     GAME   0x0004c1    program     static F:\Projects\PIC\LCD_LIB.X\main.asm
          PLAYER_NOT_JUNP   0x0004c8    program     static F:\Projects\PIC\LCD_LIB.X\main.asm
                  ENTRADA   0x000020       data     static F:\Projects\PIC\LCD_LIB.X\main.asm
                PONTUACAO   0x000021       data     static F:\Projects\PIC\LCD_LIB.X\main.asm
             JOGO_RODANDO   0x000022       data     static F:\Projects\PIC\LCD_LIB.X\main.asm
              TIMER_COUNT   0x000023       data     static F:\Projects\PIC\LCD_LIB.X\main.asm
         CORNIO_DELAY_FT1   0x000024       data     static F:\Projects\PIC\LCD_LIB.X\main.asm
         CORNIO_DELAY_FT2   0x000025       data     static F:\Projects\PIC\LCD_LIB.X\main.asm
         CORNIO_DELAY_FT3   0x000026       data     static F:\Projects\PIC\LCD_LIB.X\main.asm
         CORNIO_DELAY_FT4   0x000027       data     static F:\Projects\PIC\LCD_LIB.X\main.asm
            LCD_CMD_INPUT   0x000028       data     static F:\Projects\PIC\LCD_LIB.X\main.asm
            LCD_DAT_INPUT   0x000029       data     static F:\Projects\PIC\LCD_LIB.X\main.asm
      CORNIO_DISPLAY_DISP   0x00002a       data     static F:\Projects\PIC\LCD_LIB.X\main.asm
     CORNIO_DISPLAY_VALUE   0x00002b       data     static F:\Projects\PIC\LCD_LIB.X\main.asm
CORNIO_DISPLAY_TO_DRAW_DISP   0x00002c       data     static F:\Projects\PIC\LCD_LIB.X\main.asm
CORNIO_DISPLAY_TO_DRAW_VALUE   0x00002d       data     static F:\Projects\PIC\LCD_LIB.X\main.asm
                   VOANDO   0x00002e       data     static F:\Projects\PIC\LCD_LIB.X\main.asm
             TEMPO_VOANDO   0x00002f       data     static F:\Projects\PIC\LCD_LIB.X\main.asm
             CENA_LINHA_4   0x000030       data     static F:\Projects\PIC\LCD_LIB.X\main.asm
             CENA_LINHA_3   0x000032       data     static F:\Projects\PIC\LCD_LIB.X\main.asm


