MPLINK 5.09, LINKER
Linker Map File - Created Sat Jun 06 02:35:59 2020

                                 Section Info
                  Section       Type    Address   Location Size(Bytes)
                ---------  ---------  ---------  ---------  ---------
                 RES_VECT       code   0x000000    program   0x000002
                   .cinit    romdata   0x000001    program   0x000004
                      ISR       code   0x000004    program   0x000032
                MAIN_PROG       code   0x00001d    program   0x000b40
.config_2007_BUILD/DEFAULT/DEBUG/MAIN.O       code   0x002007    program   0x000002
                  GPR_VAR      udata   0x000020       data   0x000012



                              Program Memory Usage 
                               Start         End      
                           ---------   ---------      
                            0x000000    0x000002      
                            0x000004    0x0005bc      
                            0x002007    0x002007      
            1469 out of 8454 program addresses used, program memory utilization is 17%



                              Symbols - Sorted by Name
                     Name    Address   Location    Storage File                     
                ---------  ---------  ---------  --------- ---------                
     CORNIO_DISPLAY_F_DEF   0x0002ea    program     static F:\Projects\PIC\LCD_LIB.X\main.asm
CORNIO_DISPLAY_F_DEF_EXIT   0x000395    program     static F:\Projects\PIC\LCD_LIB.X\main.asm
            CORNIO_DRAW_0   0x000388    program     static F:\Projects\PIC\LCD_LIB.X\main.asm
            CORNIO_DRAW_1   0x00037b    program     static F:\Projects\PIC\LCD_LIB.X\main.asm
            CORNIO_DRAW_2   0x00036e    program     static F:\Projects\PIC\LCD_LIB.X\main.asm
            CORNIO_DRAW_3   0x000361    program     static F:\Projects\PIC\LCD_LIB.X\main.asm
            CORNIO_DRAW_4   0x000354    program     static F:\Projects\PIC\LCD_LIB.X\main.asm
            CORNIO_DRAW_5   0x000347    program     static F:\Projects\PIC\LCD_LIB.X\main.asm
            CORNIO_DRAW_6   0x00033a    program     static F:\Projects\PIC\LCD_LIB.X\main.asm
            CORNIO_DRAW_7   0x00032d    program     static F:\Projects\PIC\LCD_LIB.X\main.asm
            CORNIO_DRAW_8   0x000320    program     static F:\Projects\PIC\LCD_LIB.X\main.asm
            CORNIO_DRAW_9   0x000313    program     static F:\Projects\PIC\LCD_LIB.X\main.asm
              CORNIO_EXIT   0x000134    program     static F:\Projects\PIC\LCD_LIB.X\main.asm
             CORNIO_INPUT   0x0000cf    program     static F:\Projects\PIC\LCD_LIB.X\main.asm
       CORNIO_INPUT_DELAY   0x000107    program     static F:\Projects\PIC\LCD_LIB.X\main.asm
        CORNIO_INPUT_LOOP   0x000097    program     static F:\Projects\PIC\LCD_LIB.X\main.asm
    CORNIO_INPUT_LOOP_INI   0x0000a2    program     static F:\Projects\PIC\LCD_LIB.X\main.asm
              CORNIO_MOV0   0x000116    program     static F:\Projects\PIC\LCD_LIB.X\main.asm
              CORNIO_MOV1   0x000119    program     static F:\Projects\PIC\LCD_LIB.X\main.asm
              CORNIO_MOV2   0x00011c    program     static F:\Projects\PIC\LCD_LIB.X\main.asm
              CORNIO_MOV3   0x00011f    program     static F:\Projects\PIC\LCD_LIB.X\main.asm
              CORNIO_MOV4   0x000122    program     static F:\Projects\PIC\LCD_LIB.X\main.asm
              CORNIO_MOV5   0x000125    program     static F:\Projects\PIC\LCD_LIB.X\main.asm
              CORNIO_MOV6   0x000128    program     static F:\Projects\PIC\LCD_LIB.X\main.asm
              CORNIO_MOV7   0x00012b    program     static F:\Projects\PIC\LCD_LIB.X\main.asm
              CORNIO_MOV8   0x00012e    program     static F:\Projects\PIC\LCD_LIB.X\main.asm
              CORNIO_MOV9   0x000131    program     static F:\Projects\PIC\LCD_LIB.X\main.asm
         CORNIO_MOV_ASTER   0x000110    program     static F:\Projects\PIC\LCD_LIB.X\main.asm
          CORNIO_MOV_HASH   0x000113    program     static F:\Projects\PIC\LCD_LIB.X\main.asm
             DEFINE_FUNCS   0x00001d    program     static F:\Projects\PIC\LCD_LIB.X\main.asm
              DEF_LCD_CMD   0x000028    program     static F:\Projects\PIC\LCD_LIB.X\main.asm
              DEF_LCD_DAT   0x00003f    program     static F:\Projects\PIC\LCD_LIB.X\main.asm
           ENABLE_DISPLAY   0x0002df    program     static F:\Projects\PIC\LCD_LIB.X\main.asm
          ENABLE_KEYBOARD   0x00008b    program     static F:\Projects\PIC\LCD_LIB.X\main.asm
          END_PLAYER_DRAW   0x000531    program     static F:\Projects\PIC\LCD_LIB.X\main.asm
                     GAME   0x0005b4    program     static F:\Projects\PIC\LCD_LIB.X\main.asm
                LCD_CLEAR   0x000024    program     static F:\Projects\PIC\LCD_LIB.X\main.asm
               LCD_ENABLE   0x00001d    program     static F:\Projects\PIC\LCD_LIB.X\main.asm
                 LCD_INIT   0x000056    program     static F:\Projects\PIC\LCD_LIB.X\main.asm
                     LOOP   0x00059b    program     static F:\Projects\PIC\LCD_LIB.X\main.asm
                     MENU   0x00059f    program     static F:\Projects\PIC\LCD_LIB.X\main.asm
                 MENU_INP   0x0005a1    program     static F:\Projects\PIC\LCD_LIB.X\main.asm
          PLAYER_NOT_JUNP   0x0005bb    program     static F:\Projects\PIC\LCD_LIB.X\main.asm
              PLAYER_ON_3   0x00039b    program     static F:\Projects\PIC\LCD_LIB.X\main.asm
              PLAYER_ON_4   0x00046a    program     static F:\Projects\PIC\LCD_LIB.X\main.asm
          SETUP_TIMER_INT   0x000532    program     static F:\Projects\PIC\LCD_LIB.X\main.asm
    SKIP_INC_TEMPO_VOANDO   0x000017    program     static F:\Projects\PIC\LCD_LIB.X\main.asm
                    START   0x000597    program     static F:\Projects\PIC\LCD_LIB.X\main.asm
                  TELA_AP   0x00013d    program     static F:\Projects\PIC\LCD_LIB.X\main.asm
                TELA_GAME   0x000396    program     static F:\Projects\PIC\LCD_LIB.X\main.asm
             TELA_INICIAL   0x000544    program     static F:\Projects\PIC\LCD_LIB.X\main.asm
          TELA_INSTRUCOES   0x00020e    program     static F:\Projects\PIC\LCD_LIB.X\main.asm
                TIMER_INT   0x000007    program     static F:\Projects\PIC\LCD_LIB.X\main.asm
          _MAIN_PROG_0014   0x000031    program     static F:\Projects\PIC\LCD_LIB.X\main.asm
          _MAIN_PROG_0016   0x000033    program     static F:\Projects\PIC\LCD_LIB.X\main.asm
          _MAIN_PROG_001D   0x00003a    program     static F:\Projects\PIC\LCD_LIB.X\main.asm
          _MAIN_PROG_001F   0x00003c    program     static F:\Projects\PIC\LCD_LIB.X\main.asm
          _MAIN_PROG_002B   0x000048    program     static F:\Projects\PIC\LCD_LIB.X\main.asm
          _MAIN_PROG_002D   0x00004a    program     static F:\Projects\PIC\LCD_LIB.X\main.asm
          _MAIN_PROG_0034   0x000051    program     static F:\Projects\PIC\LCD_LIB.X\main.asm
          _MAIN_PROG_0036   0x000053    program     static F:\Projects\PIC\LCD_LIB.X\main.asm
          _MAIN_PROG_0041   0x00005e    program     static F:\Projects\PIC\LCD_LIB.X\main.asm
          _MAIN_PROG_0043   0x000060    program     static F:\Projects\PIC\LCD_LIB.X\main.asm
          _MAIN_PROG_004D   0x00006a    program     static F:\Projects\PIC\LCD_LIB.X\main.asm
          _MAIN_PROG_004F   0x00006c    program     static F:\Projects\PIC\LCD_LIB.X\main.asm
          _MAIN_PROG_0058   0x000075    program     static F:\Projects\PIC\LCD_LIB.X\main.asm
          _MAIN_PROG_005A   0x000077    program     static F:\Projects\PIC\LCD_LIB.X\main.asm
          _MAIN_PROG_00EF   0x00010c    program     static F:\Projects\PIC\LCD_LIB.X\main.asm
          _MAIN_PROG_00F1   0x00010e    program     static F:\Projects\PIC\LCD_LIB.X\main.asm
          _MAIN_PROG_011C   0x000139    program     static F:\Projects\PIC\LCD_LIB.X\main.asm
          _MAIN_PROG_011E   0x00013b    program     static F:\Projects\PIC\LCD_LIB.X\main.asm
          _MAIN_PROG_02FF   0x00031c    program     static F:\Projects\PIC\LCD_LIB.X\main.asm
          _MAIN_PROG_0301   0x00031e    program     static F:\Projects\PIC\LCD_LIB.X\main.asm
          _MAIN_PROG_030C   0x000329    program     static F:\Projects\PIC\LCD_LIB.X\main.asm
          _MAIN_PROG_030E   0x00032b    program     static F:\Projects\PIC\LCD_LIB.X\main.asm
          _MAIN_PROG_0319   0x000336    program     static F:\Projects\PIC\LCD_LIB.X\main.asm
          _MAIN_PROG_031B   0x000338    program     static F:\Projects\PIC\LCD_LIB.X\main.asm
          _MAIN_PROG_0326   0x000343    program     static F:\Projects\PIC\LCD_LIB.X\main.asm
          _MAIN_PROG_0328   0x000345    program     static F:\Projects\PIC\LCD_LIB.X\main.asm
          _MAIN_PROG_0333   0x000350    program     static F:\Projects\PIC\LCD_LIB.X\main.asm
          _MAIN_PROG_0335   0x000352    program     static F:\Projects\PIC\LCD_LIB.X\main.asm
          _MAIN_PROG_0340   0x00035d    program     static F:\Projects\PIC\LCD_LIB.X\main.asm
          _MAIN_PROG_0342   0x00035f    program     static F:\Projects\PIC\LCD_LIB.X\main.asm
          _MAIN_PROG_034D   0x00036a    program     static F:\Projects\PIC\LCD_LIB.X\main.asm
          _MAIN_PROG_034F   0x00036c    program     static F:\Projects\PIC\LCD_LIB.X\main.asm
          _MAIN_PROG_035A   0x000377    program     static F:\Projects\PIC\LCD_LIB.X\main.asm
          _MAIN_PROG_035C   0x000379    program     static F:\Projects\PIC\LCD_LIB.X\main.asm
          _MAIN_PROG_0367   0x000384    program     static F:\Projects\PIC\LCD_LIB.X\main.asm
          _MAIN_PROG_0369   0x000386    program     static F:\Projects\PIC\LCD_LIB.X\main.asm
          _MAIN_PROG_0374   0x000391    program     static F:\Projects\PIC\LCD_LIB.X\main.asm
          _MAIN_PROG_0376   0x000393    program     static F:\Projects\PIC\LCD_LIB.X\main.asm
          _MAIN_PROG_039D   0x0003ba    program     static F:\Projects\PIC\LCD_LIB.X\main.asm
          _MAIN_PROG_039E   0x0003bb    program     static F:\Projects\PIC\LCD_LIB.X\main.asm
          _MAIN_PROG_03A2   0x0003bf    program     static F:\Projects\PIC\LCD_LIB.X\main.asm
          _MAIN_PROG_03A8   0x0003c5    program     static F:\Projects\PIC\LCD_LIB.X\main.asm
          _MAIN_PROG_03A9   0x0003c6    program     static F:\Projects\PIC\LCD_LIB.X\main.asm
          _MAIN_PROG_03AD   0x0003ca    program     static F:\Projects\PIC\LCD_LIB.X\main.asm
          _MAIN_PROG_03B3   0x0003d0    program     static F:\Projects\PIC\LCD_LIB.X\main.asm
          _MAIN_PROG_03B4   0x0003d1    program     static F:\Projects\PIC\LCD_LIB.X\main.asm
          _MAIN_PROG_03B8   0x0003d5    program     static F:\Projects\PIC\LCD_LIB.X\main.asm
          _MAIN_PROG_03BE   0x0003db    program     static F:\Projects\PIC\LCD_LIB.X\main.asm
          _MAIN_PROG_03BF   0x0003dc    program     static F:\Projects\PIC\LCD_LIB.X\main.asm
          _MAIN_PROG_03C3   0x0003e0    program     static F:\Projects\PIC\LCD_LIB.X\main.asm
          _MAIN_PROG_03C9   0x0003e6    program     static F:\Projects\PIC\LCD_LIB.X\main.asm
          _MAIN_PROG_03CA   0x0003e7    program     static F:\Projects\PIC\LCD_LIB.X\main.asm
          _MAIN_PROG_03CE   0x0003eb    program     static F:\Projects\PIC\LCD_LIB.X\main.asm
          _MAIN_PROG_03D4   0x0003f1    program     static F:\Projects\PIC\LCD_LIB.X\main.asm
          _MAIN_PROG_03D5   0x0003f2    program     static F:\Projects\PIC\LCD_LIB.X\main.asm
          _MAIN_PROG_03D9   0x0003f6    program     static F:\Projects\PIC\LCD_LIB.X\main.asm
          _MAIN_PROG_03DF   0x0003fc    program     static F:\Projects\PIC\LCD_LIB.X\main.asm
          _MAIN_PROG_03E0   0x0003fd    program     static F:\Projects\PIC\LCD_LIB.X\main.asm
          _MAIN_PROG_03E4   0x000401    program     static F:\Projects\PIC\LCD_LIB.X\main.asm
          _MAIN_PROG_03EA   0x000407    program     static F:\Projects\PIC\LCD_LIB.X\main.asm
          _MAIN_PROG_03EB   0x000408    program     static F:\Projects\PIC\LCD_LIB.X\main.asm
          _MAIN_PROG_03EF   0x00040c    program     static F:\Projects\PIC\LCD_LIB.X\main.asm
          _MAIN_PROG_03F5   0x000412    program     static F:\Projects\PIC\LCD_LIB.X\main.asm
          _MAIN_PROG_03F6   0x000413    program     static F:\Projects\PIC\LCD_LIB.X\main.asm
          _MAIN_PROG_03FA   0x000417    program     static F:\Projects\PIC\LCD_LIB.X\main.asm
          _MAIN_PROG_0400   0x00041d    program     static F:\Projects\PIC\LCD_LIB.X\main.asm
          _MAIN_PROG_0401   0x00041e    program     static F:\Projects\PIC\LCD_LIB.X\main.asm
          _MAIN_PROG_0405   0x000422    program     static F:\Projects\PIC\LCD_LIB.X\main.asm
          _MAIN_PROG_040B   0x000428    program     static F:\Projects\PIC\LCD_LIB.X\main.asm
          _MAIN_PROG_040C   0x000429    program     static F:\Projects\PIC\LCD_LIB.X\main.asm
          _MAIN_PROG_0410   0x00042d    program     static F:\Projects\PIC\LCD_LIB.X\main.asm
          _MAIN_PROG_0416   0x000433    program     static F:\Projects\PIC\LCD_LIB.X\main.asm
          _MAIN_PROG_0417   0x000434    program     static F:\Projects\PIC\LCD_LIB.X\main.asm
          _MAIN_PROG_041B   0x000438    program     static F:\Projects\PIC\LCD_LIB.X\main.asm
          _MAIN_PROG_0421   0x00043e    program     static F:\Projects\PIC\LCD_LIB.X\main.asm
          _MAIN_PROG_0422   0x00043f    program     static F:\Projects\PIC\LCD_LIB.X\main.asm
          _MAIN_PROG_0426   0x000443    program     static F:\Projects\PIC\LCD_LIB.X\main.asm
          _MAIN_PROG_042C   0x000449    program     static F:\Projects\PIC\LCD_LIB.X\main.asm
          _MAIN_PROG_042D   0x00044a    program     static F:\Projects\PIC\LCD_LIB.X\main.asm
          _MAIN_PROG_0431   0x00044e    program     static F:\Projects\PIC\LCD_LIB.X\main.asm
          _MAIN_PROG_0437   0x000454    program     static F:\Projects\PIC\LCD_LIB.X\main.asm
          _MAIN_PROG_0438   0x000455    program     static F:\Projects\PIC\LCD_LIB.X\main.asm
          _MAIN_PROG_043C   0x000459    program     static F:\Projects\PIC\LCD_LIB.X\main.asm
          _MAIN_PROG_0442   0x00045f    program     static F:\Projects\PIC\LCD_LIB.X\main.asm
          _MAIN_PROG_0443   0x000460    program     static F:\Projects\PIC\LCD_LIB.X\main.asm
          _MAIN_PROG_0447   0x000464    program     static F:\Projects\PIC\LCD_LIB.X\main.asm
          _MAIN_PROG_046C   0x000489    program     static F:\Projects\PIC\LCD_LIB.X\main.asm
          _MAIN_PROG_046D   0x00048a    program     static F:\Projects\PIC\LCD_LIB.X\main.asm
          _MAIN_PROG_0471   0x00048e    program     static F:\Projects\PIC\LCD_LIB.X\main.asm
          _MAIN_PROG_0477   0x000494    program     static F:\Projects\PIC\LCD_LIB.X\main.asm
          _MAIN_PROG_0478   0x000495    program     static F:\Projects\PIC\LCD_LIB.X\main.asm
          _MAIN_PROG_047C   0x000499    program     static F:\Projects\PIC\LCD_LIB.X\main.asm
          _MAIN_PROG_0482   0x00049f    program     static F:\Projects\PIC\LCD_LIB.X\main.asm
          _MAIN_PROG_0483   0x0004a0    program     static F:\Projects\PIC\LCD_LIB.X\main.asm
          _MAIN_PROG_0487   0x0004a4    program     static F:\Projects\PIC\LCD_LIB.X\main.asm
          _MAIN_PROG_048D   0x0004aa    program     static F:\Projects\PIC\LCD_LIB.X\main.asm
          _MAIN_PROG_048E   0x0004ab    program     static F:\Projects\PIC\LCD_LIB.X\main.asm
          _MAIN_PROG_0492   0x0004af    program     static F:\Projects\PIC\LCD_LIB.X\main.asm
          _MAIN_PROG_0498   0x0004b5    program     static F:\Projects\PIC\LCD_LIB.X\main.asm
          _MAIN_PROG_0499   0x0004b6    program     static F:\Projects\PIC\LCD_LIB.X\main.asm
          _MAIN_PROG_049D   0x0004ba    program     static F:\Projects\PIC\LCD_LIB.X\main.asm
          _MAIN_PROG_04A3   0x0004c0    program     static F:\Projects\PIC\LCD_LIB.X\main.asm
          _MAIN_PROG_04A4   0x0004c1    program     static F:\Projects\PIC\LCD_LIB.X\main.asm
          _MAIN_PROG_04A8   0x0004c5    program     static F:\Projects\PIC\LCD_LIB.X\main.asm
          _MAIN_PROG_04AE   0x0004cb    program     static F:\Projects\PIC\LCD_LIB.X\main.asm
          _MAIN_PROG_04AF   0x0004cc    program     static F:\Projects\PIC\LCD_LIB.X\main.asm
          _MAIN_PROG_04B3   0x0004d0    program     static F:\Projects\PIC\LCD_LIB.X\main.asm
          _MAIN_PROG_04BC   0x0004d9    program     static F:\Projects\PIC\LCD_LIB.X\main.asm
          _MAIN_PROG_04BD   0x0004da    program     static F:\Projects\PIC\LCD_LIB.X\main.asm
          _MAIN_PROG_04C1   0x0004de    program     static F:\Projects\PIC\LCD_LIB.X\main.asm
          _MAIN_PROG_04C7   0x0004e4    program     static F:\Projects\PIC\LCD_LIB.X\main.asm
          _MAIN_PROG_04C8   0x0004e5    program     static F:\Projects\PIC\LCD_LIB.X\main.asm
          _MAIN_PROG_04CC   0x0004e9    program     static F:\Projects\PIC\LCD_LIB.X\main.asm
          _MAIN_PROG_04D2   0x0004ef    program     static F:\Projects\PIC\LCD_LIB.X\main.asm
          _MAIN_PROG_04D3   0x0004f0    program     static F:\Projects\PIC\LCD_LIB.X\main.asm
          _MAIN_PROG_04D7   0x0004f4    program     static F:\Projects\PIC\LCD_LIB.X\main.asm
          _MAIN_PROG_04DD   0x0004fa    program     static F:\Projects\PIC\LCD_LIB.X\main.asm
          _MAIN_PROG_04DE   0x0004fb    program     static F:\Projects\PIC\LCD_LIB.X\main.asm
          _MAIN_PROG_04E2   0x0004ff    program     static F:\Projects\PIC\LCD_LIB.X\main.asm
          _MAIN_PROG_04E8   0x000505    program     static F:\Projects\PIC\LCD_LIB.X\main.asm
          _MAIN_PROG_04E9   0x000506    program     static F:\Projects\PIC\LCD_LIB.X\main.asm
          _MAIN_PROG_04ED   0x00050a    program     static F:\Projects\PIC\LCD_LIB.X\main.asm
          _MAIN_PROG_04F3   0x000510    program     static F:\Projects\PIC\LCD_LIB.X\main.asm
          _MAIN_PROG_04F4   0x000511    program     static F:\Projects\PIC\LCD_LIB.X\main.asm
          _MAIN_PROG_04F8   0x000515    program     static F:\Projects\PIC\LCD_LIB.X\main.asm
          _MAIN_PROG_04FE   0x00051b    program     static F:\Projects\PIC\LCD_LIB.X\main.asm
          _MAIN_PROG_04FF   0x00051c    program     static F:\Projects\PIC\LCD_LIB.X\main.asm
          _MAIN_PROG_0503   0x000520    program     static F:\Projects\PIC\LCD_LIB.X\main.asm
          _MAIN_PROG_0509   0x000526    program     static F:\Projects\PIC\LCD_LIB.X\main.asm
          _MAIN_PROG_050A   0x000527    program     static F:\Projects\PIC\LCD_LIB.X\main.asm
          _MAIN_PROG_050E   0x00052b    program     static F:\Projects\PIC\LCD_LIB.X\main.asm
          _MAIN_PROG_0532   0x00054f    program     static F:\Projects\PIC\LCD_LIB.X\main.asm
          _MAIN_PROG_0534   0x000551    program     static F:\Projects\PIC\LCD_LIB.X\main.asm
          _MAIN_PROG_0536   0x000553    program     static F:\Projects\PIC\LCD_LIB.X\main.asm
          _MAIN_PROG_0538   0x000555    program     static F:\Projects\PIC\LCD_LIB.X\main.asm
          _MAIN_PROG_0542   0x00055f    program     static F:\Projects\PIC\LCD_LIB.X\main.asm
          _MAIN_PROG_0544   0x000561    program     static F:\Projects\PIC\LCD_LIB.X\main.asm
          _MAIN_PROG_0546   0x000563    program     static F:\Projects\PIC\LCD_LIB.X\main.asm
          _MAIN_PROG_0548   0x000565    program     static F:\Projects\PIC\LCD_LIB.X\main.asm
          _MAIN_PROG_0552   0x00056f    program     static F:\Projects\PIC\LCD_LIB.X\main.asm
          _MAIN_PROG_0554   0x000571    program     static F:\Projects\PIC\LCD_LIB.X\main.asm
          _MAIN_PROG_0556   0x000573    program     static F:\Projects\PIC\LCD_LIB.X\main.asm
          _MAIN_PROG_0558   0x000575    program     static F:\Projects\PIC\LCD_LIB.X\main.asm
          _MAIN_PROG_0562   0x00057f    program     static F:\Projects\PIC\LCD_LIB.X\main.asm
          _MAIN_PROG_0564   0x000581    program     static F:\Projects\PIC\LCD_LIB.X\main.asm
          _MAIN_PROG_0566   0x000583    program     static F:\Projects\PIC\LCD_LIB.X\main.asm
          _MAIN_PROG_0568   0x000585    program     static F:\Projects\PIC\LCD_LIB.X\main.asm
          _MAIN_PROG_0572   0x00058f    program     static F:\Projects\PIC\LCD_LIB.X\main.asm
          _MAIN_PROG_0574   0x000591    program     static F:\Projects\PIC\LCD_LIB.X\main.asm
          _MAIN_PROG_0576   0x000593    program     static F:\Projects\PIC\LCD_LIB.X\main.asm
          _MAIN_PROG_0578   0x000595    program     static F:\Projects\PIC\LCD_LIB.X\main.asm
          _MAIN_PROG_0590   0x0005ad    program     static F:\Projects\PIC\LCD_LIB.X\main.asm
          _MAIN_PROG_0592   0x0005af    program     static F:\Projects\PIC\LCD_LIB.X\main.asm
             CENA_LINHA_4   0x000030       data     static F:\Projects\PIC\LCD_LIB.X\main.asm
         CORNIO_DELAY_FT1   0x000024       data     static F:\Projects\PIC\LCD_LIB.X\main.asm
         CORNIO_DELAY_FT2   0x000025       data     static F:\Projects\PIC\LCD_LIB.X\main.asm
         CORNIO_DELAY_FT3   0x000026       data     static F:\Projects\PIC\LCD_LIB.X\main.asm
         CORNIO_DELAY_FT4   0x000027       data     static F:\Projects\PIC\LCD_LIB.X\main.asm
      CORNIO_DISPLAY_DISP   0x00002a       data     static F:\Projects\PIC\LCD_LIB.X\main.asm
CORNIO_DISPLAY_TO_DRAW_DISP   0x00002c       data     static F:\Projects\PIC\LCD_LIB.X\main.asm
CORNIO_DISPLAY_TO_DRAW_VALUE   0x00002d       data     static F:\Projects\PIC\LCD_LIB.X\main.asm
     CORNIO_DISPLAY_VALUE   0x00002b       data     static F:\Projects\PIC\LCD_LIB.X\main.asm
                  ENTRADA   0x000020       data     static F:\Projects\PIC\LCD_LIB.X\main.asm
             JOGO_RODANDO   0x000022       data     static F:\Projects\PIC\LCD_LIB.X\main.asm
            LCD_CMD_INPUT   0x000028       data     static F:\Projects\PIC\LCD_LIB.X\main.asm
            LCD_DAT_INPUT   0x000029       data     static F:\Projects\PIC\LCD_LIB.X\main.asm
                PONTUACAO   0x000021       data     static F:\Projects\PIC\LCD_LIB.X\main.asm
             TEMPO_VOANDO   0x00002f       data     static F:\Projects\PIC\LCD_LIB.X\main.asm
              TIMER_COUNT   0x000023       data     static F:\Projects\PIC\LCD_LIB.X\main.asm
                   VOANDO   0x00002e       data     static F:\Projects\PIC\LCD_LIB.X\main.asm



                              Symbols - Sorted by Address
                     Name    Address   Location    Storage File                     
                ---------  ---------  ---------  --------- ---------                
                TIMER_INT   0x000007    program     static F:\Projects\PIC\LCD_LIB.X\main.asm
    SKIP_INC_TEMPO_VOANDO   0x000017    program     static F:\Projects\PIC\LCD_LIB.X\main.asm
             DEFINE_FUNCS   0x00001d    program     static F:\Projects\PIC\LCD_LIB.X\main.asm
               LCD_ENABLE   0x00001d    program     static F:\Projects\PIC\LCD_LIB.X\main.asm
                LCD_CLEAR   0x000024    program     static F:\Projects\PIC\LCD_LIB.X\main.asm
              DEF_LCD_CMD   0x000028    program     static F:\Projects\PIC\LCD_LIB.X\main.asm
          _MAIN_PROG_0014   0x000031    program     static F:\Projects\PIC\LCD_LIB.X\main.asm
          _MAIN_PROG_0016   0x000033    program     static F:\Projects\PIC\LCD_LIB.X\main.asm
          _MAIN_PROG_001D   0x00003a    program     static F:\Projects\PIC\LCD_LIB.X\main.asm
          _MAIN_PROG_001F   0x00003c    program     static F:\Projects\PIC\LCD_LIB.X\main.asm
              DEF_LCD_DAT   0x00003f    program     static F:\Projects\PIC\LCD_LIB.X\main.asm
          _MAIN_PROG_002B   0x000048    program     static F:\Projects\PIC\LCD_LIB.X\main.asm
          _MAIN_PROG_002D   0x00004a    program     static F:\Projects\PIC\LCD_LIB.X\main.asm
          _MAIN_PROG_0034   0x000051    program     static F:\Projects\PIC\LCD_LIB.X\main.asm
          _MAIN_PROG_0036   0x000053    program     static F:\Projects\PIC\LCD_LIB.X\main.asm
                 LCD_INIT   0x000056    program     static F:\Projects\PIC\LCD_LIB.X\main.asm
          _MAIN_PROG_0041   0x00005e    program     static F:\Projects\PIC\LCD_LIB.X\main.asm
          _MAIN_PROG_0043   0x000060    program     static F:\Projects\PIC\LCD_LIB.X\main.asm
          _MAIN_PROG_004D   0x00006a    program     static F:\Projects\PIC\LCD_LIB.X\main.asm
          _MAIN_PROG_004F   0x00006c    program     static F:\Projects\PIC\LCD_LIB.X\main.asm
          _MAIN_PROG_0058   0x000075    program     static F:\Projects\PIC\LCD_LIB.X\main.asm
          _MAIN_PROG_005A   0x000077    program     static F:\Projects\PIC\LCD_LIB.X\main.asm
          ENABLE_KEYBOARD   0x00008b    program     static F:\Projects\PIC\LCD_LIB.X\main.asm
        CORNIO_INPUT_LOOP   0x000097    program     static F:\Projects\PIC\LCD_LIB.X\main.asm
    CORNIO_INPUT_LOOP_INI   0x0000a2    program     static F:\Projects\PIC\LCD_LIB.X\main.asm
             CORNIO_INPUT   0x0000cf    program     static F:\Projects\PIC\LCD_LIB.X\main.asm
       CORNIO_INPUT_DELAY   0x000107    program     static F:\Projects\PIC\LCD_LIB.X\main.asm
          _MAIN_PROG_00EF   0x00010c    program     static F:\Projects\PIC\LCD_LIB.X\main.asm
          _MAIN_PROG_00F1   0x00010e    program     static F:\Projects\PIC\LCD_LIB.X\main.asm
         CORNIO_MOV_ASTER   0x000110    program     static F:\Projects\PIC\LCD_LIB.X\main.asm
          CORNIO_MOV_HASH   0x000113    program     static F:\Projects\PIC\LCD_LIB.X\main.asm
              CORNIO_MOV0   0x000116    program     static F:\Projects\PIC\LCD_LIB.X\main.asm
              CORNIO_MOV1   0x000119    program     static F:\Projects\PIC\LCD_LIB.X\main.asm
              CORNIO_MOV2   0x00011c    program     static F:\Projects\PIC\LCD_LIB.X\main.asm
              CORNIO_MOV3   0x00011f    program     static F:\Projects\PIC\LCD_LIB.X\main.asm
              CORNIO_MOV4   0x000122    program     static F:\Projects\PIC\LCD_LIB.X\main.asm
              CORNIO_MOV5   0x000125    program     static F:\Projects\PIC\LCD_LIB.X\main.asm
              CORNIO_MOV6   0x000128    program     static F:\Projects\PIC\LCD_LIB.X\main.asm
              CORNIO_MOV7   0x00012b    program     static F:\Projects\PIC\LCD_LIB.X\main.asm
              CORNIO_MOV8   0x00012e    program     static F:\Projects\PIC\LCD_LIB.X\main.asm
              CORNIO_MOV9   0x000131    program     static F:\Projects\PIC\LCD_LIB.X\main.asm
              CORNIO_EXIT   0x000134    program     static F:\Projects\PIC\LCD_LIB.X\main.asm
          _MAIN_PROG_011C   0x000139    program     static F:\Projects\PIC\LCD_LIB.X\main.asm
          _MAIN_PROG_011E   0x00013b    program     static F:\Projects\PIC\LCD_LIB.X\main.asm
                  TELA_AP   0x00013d    program     static F:\Projects\PIC\LCD_LIB.X\main.asm
          TELA_INSTRUCOES   0x00020e    program     static F:\Projects\PIC\LCD_LIB.X\main.asm
           ENABLE_DISPLAY   0x0002df    program     static F:\Projects\PIC\LCD_LIB.X\main.asm
     CORNIO_DISPLAY_F_DEF   0x0002ea    program     static F:\Projects\PIC\LCD_LIB.X\main.asm
            CORNIO_DRAW_9   0x000313    program     static F:\Projects\PIC\LCD_LIB.X\main.asm
          _MAIN_PROG_02FF   0x00031c    program     static F:\Projects\PIC\LCD_LIB.X\main.asm
          _MAIN_PROG_0301   0x00031e    program     static F:\Projects\PIC\LCD_LIB.X\main.asm
            CORNIO_DRAW_8   0x000320    program     static F:\Projects\PIC\LCD_LIB.X\main.asm
          _MAIN_PROG_030C   0x000329    program     static F:\Projects\PIC\LCD_LIB.X\main.asm
          _MAIN_PROG_030E   0x00032b    program     static F:\Projects\PIC\LCD_LIB.X\main.asm
            CORNIO_DRAW_7   0x00032d    program     static F:\Projects\PIC\LCD_LIB.X\main.asm
          _MAIN_PROG_0319   0x000336    program     static F:\Projects\PIC\LCD_LIB.X\main.asm
          _MAIN_PROG_031B   0x000338    program     static F:\Projects\PIC\LCD_LIB.X\main.asm
            CORNIO_DRAW_6   0x00033a    program     static F:\Projects\PIC\LCD_LIB.X\main.asm
          _MAIN_PROG_0326   0x000343    program     static F:\Projects\PIC\LCD_LIB.X\main.asm
          _MAIN_PROG_0328   0x000345    program     static F:\Projects\PIC\LCD_LIB.X\main.asm
            CORNIO_DRAW_5   0x000347    program     static F:\Projects\PIC\LCD_LIB.X\main.asm
          _MAIN_PROG_0333   0x000350    program     static F:\Projects\PIC\LCD_LIB.X\main.asm
          _MAIN_PROG_0335   0x000352    program     static F:\Projects\PIC\LCD_LIB.X\main.asm
            CORNIO_DRAW_4   0x000354    program     static F:\Projects\PIC\LCD_LIB.X\main.asm
          _MAIN_PROG_0340   0x00035d    program     static F:\Projects\PIC\LCD_LIB.X\main.asm
          _MAIN_PROG_0342   0x00035f    program     static F:\Projects\PIC\LCD_LIB.X\main.asm
            CORNIO_DRAW_3   0x000361    program     static F:\Projects\PIC\LCD_LIB.X\main.asm
          _MAIN_PROG_034D   0x00036a    program     static F:\Projects\PIC\LCD_LIB.X\main.asm
          _MAIN_PROG_034F   0x00036c    program     static F:\Projects\PIC\LCD_LIB.X\main.asm
            CORNIO_DRAW_2   0x00036e    program     static F:\Projects\PIC\LCD_LIB.X\main.asm
          _MAIN_PROG_035A   0x000377    program     static F:\Projects\PIC\LCD_LIB.X\main.asm
          _MAIN_PROG_035C   0x000379    program     static F:\Projects\PIC\LCD_LIB.X\main.asm
            CORNIO_DRAW_1   0x00037b    program     static F:\Projects\PIC\LCD_LIB.X\main.asm
          _MAIN_PROG_0367   0x000384    program     static F:\Projects\PIC\LCD_LIB.X\main.asm
          _MAIN_PROG_0369   0x000386    program     static F:\Projects\PIC\LCD_LIB.X\main.asm
            CORNIO_DRAW_0   0x000388    program     static F:\Projects\PIC\LCD_LIB.X\main.asm
          _MAIN_PROG_0374   0x000391    program     static F:\Projects\PIC\LCD_LIB.X\main.asm
          _MAIN_PROG_0376   0x000393    program     static F:\Projects\PIC\LCD_LIB.X\main.asm
CORNIO_DISPLAY_F_DEF_EXIT   0x000395    program     static F:\Projects\PIC\LCD_LIB.X\main.asm
                TELA_GAME   0x000396    program     static F:\Projects\PIC\LCD_LIB.X\main.asm
              PLAYER_ON_3   0x00039b    program     static F:\Projects\PIC\LCD_LIB.X\main.asm
          _MAIN_PROG_039D   0x0003ba    program     static F:\Projects\PIC\LCD_LIB.X\main.asm
          _MAIN_PROG_039E   0x0003bb    program     static F:\Projects\PIC\LCD_LIB.X\main.asm
          _MAIN_PROG_03A2   0x0003bf    program     static F:\Projects\PIC\LCD_LIB.X\main.asm
          _MAIN_PROG_03A8   0x0003c5    program     static F:\Projects\PIC\LCD_LIB.X\main.asm
          _MAIN_PROG_03A9   0x0003c6    program     static F:\Projects\PIC\LCD_LIB.X\main.asm
          _MAIN_PROG_03AD   0x0003ca    program     static F:\Projects\PIC\LCD_LIB.X\main.asm
          _MAIN_PROG_03B3   0x0003d0    program     static F:\Projects\PIC\LCD_LIB.X\main.asm
          _MAIN_PROG_03B4   0x0003d1    program     static F:\Projects\PIC\LCD_LIB.X\main.asm
          _MAIN_PROG_03B8   0x0003d5    program     static F:\Projects\PIC\LCD_LIB.X\main.asm
          _MAIN_PROG_03BE   0x0003db    program     static F:\Projects\PIC\LCD_LIB.X\main.asm
          _MAIN_PROG_03BF   0x0003dc    program     static F:\Projects\PIC\LCD_LIB.X\main.asm
          _MAIN_PROG_03C3   0x0003e0    program     static F:\Projects\PIC\LCD_LIB.X\main.asm
          _MAIN_PROG_03C9   0x0003e6    program     static F:\Projects\PIC\LCD_LIB.X\main.asm
          _MAIN_PROG_03CA   0x0003e7    program     static F:\Projects\PIC\LCD_LIB.X\main.asm
          _MAIN_PROG_03CE   0x0003eb    program     static F:\Projects\PIC\LCD_LIB.X\main.asm
          _MAIN_PROG_03D4   0x0003f1    program     static F:\Projects\PIC\LCD_LIB.X\main.asm
          _MAIN_PROG_03D5   0x0003f2    program     static F:\Projects\PIC\LCD_LIB.X\main.asm
          _MAIN_PROG_03D9   0x0003f6    program     static F:\Projects\PIC\LCD_LIB.X\main.asm
          _MAIN_PROG_03DF   0x0003fc    program     static F:\Projects\PIC\LCD_LIB.X\main.asm
          _MAIN_PROG_03E0   0x0003fd    program     static F:\Projects\PIC\LCD_LIB.X\main.asm
          _MAIN_PROG_03E4   0x000401    program     static F:\Projects\PIC\LCD_LIB.X\main.asm
          _MAIN_PROG_03EA   0x000407    program     static F:\Projects\PIC\LCD_LIB.X\main.asm
          _MAIN_PROG_03EB   0x000408    program     static F:\Projects\PIC\LCD_LIB.X\main.asm
          _MAIN_PROG_03EF   0x00040c    program     static F:\Projects\PIC\LCD_LIB.X\main.asm
          _MAIN_PROG_03F5   0x000412    program     static F:\Projects\PIC\LCD_LIB.X\main.asm
          _MAIN_PROG_03F6   0x000413    program     static F:\Projects\PIC\LCD_LIB.X\main.asm
          _MAIN_PROG_03FA   0x000417    program     static F:\Projects\PIC\LCD_LIB.X\main.asm
          _MAIN_PROG_0400   0x00041d    program     static F:\Projects\PIC\LCD_LIB.X\main.asm
          _MAIN_PROG_0401   0x00041e    program     static F:\Projects\PIC\LCD_LIB.X\main.asm
          _MAIN_PROG_0405   0x000422    program     static F:\Projects\PIC\LCD_LIB.X\main.asm
          _MAIN_PROG_040B   0x000428    program     static F:\Projects\PIC\LCD_LIB.X\main.asm
          _MAIN_PROG_040C   0x000429    program     static F:\Projects\PIC\LCD_LIB.X\main.asm
          _MAIN_PROG_0410   0x00042d    program     static F:\Projects\PIC\LCD_LIB.X\main.asm
          _MAIN_PROG_0416   0x000433    program     static F:\Projects\PIC\LCD_LIB.X\main.asm
          _MAIN_PROG_0417   0x000434    program     static F:\Projects\PIC\LCD_LIB.X\main.asm
          _MAIN_PROG_041B   0x000438    program     static F:\Projects\PIC\LCD_LIB.X\main.asm
          _MAIN_PROG_0421   0x00043e    program     static F:\Projects\PIC\LCD_LIB.X\main.asm
          _MAIN_PROG_0422   0x00043f    program     static F:\Projects\PIC\LCD_LIB.X\main.asm
          _MAIN_PROG_0426   0x000443    program     static F:\Projects\PIC\LCD_LIB.X\main.asm
          _MAIN_PROG_042C   0x000449    program     static F:\Projects\PIC\LCD_LIB.X\main.asm
          _MAIN_PROG_042D   0x00044a    program     static F:\Projects\PIC\LCD_LIB.X\main.asm
          _MAIN_PROG_0431   0x00044e    program     static F:\Projects\PIC\LCD_LIB.X\main.asm
          _MAIN_PROG_0437   0x000454    program     static F:\Projects\PIC\LCD_LIB.X\main.asm
          _MAIN_PROG_0438   0x000455    program     static F:\Projects\PIC\LCD_LIB.X\main.asm
          _MAIN_PROG_043C   0x000459    program     static F:\Projects\PIC\LCD_LIB.X\main.asm
          _MAIN_PROG_0442   0x00045f    program     static F:\Projects\PIC\LCD_LIB.X\main.asm
          _MAIN_PROG_0443   0x000460    program     static F:\Projects\PIC\LCD_LIB.X\main.asm
          _MAIN_PROG_0447   0x000464    program     static F:\Projects\PIC\LCD_LIB.X\main.asm
              PLAYER_ON_4   0x00046a    program     static F:\Projects\PIC\LCD_LIB.X\main.asm
          _MAIN_PROG_046C   0x000489    program     static F:\Projects\PIC\LCD_LIB.X\main.asm
          _MAIN_PROG_046D   0x00048a    program     static F:\Projects\PIC\LCD_LIB.X\main.asm
          _MAIN_PROG_0471   0x00048e    program     static F:\Projects\PIC\LCD_LIB.X\main.asm
          _MAIN_PROG_0477   0x000494    program     static F:\Projects\PIC\LCD_LIB.X\main.asm
          _MAIN_PROG_0478   0x000495    program     static F:\Projects\PIC\LCD_LIB.X\main.asm
          _MAIN_PROG_047C   0x000499    program     static F:\Projects\PIC\LCD_LIB.X\main.asm
          _MAIN_PROG_0482   0x00049f    program     static F:\Projects\PIC\LCD_LIB.X\main.asm
          _MAIN_PROG_0483   0x0004a0    program     static F:\Projects\PIC\LCD_LIB.X\main.asm
          _MAIN_PROG_0487   0x0004a4    program     static F:\Projects\PIC\LCD_LIB.X\main.asm
          _MAIN_PROG_048D   0x0004aa    program     static F:\Projects\PIC\LCD_LIB.X\main.asm
          _MAIN_PROG_048E   0x0004ab    program     static F:\Projects\PIC\LCD_LIB.X\main.asm
          _MAIN_PROG_0492   0x0004af    program     static F:\Projects\PIC\LCD_LIB.X\main.asm
          _MAIN_PROG_0498   0x0004b5    program     static F:\Projects\PIC\LCD_LIB.X\main.asm
          _MAIN_PROG_0499   0x0004b6    program     static F:\Projects\PIC\LCD_LIB.X\main.asm
          _MAIN_PROG_049D   0x0004ba    program     static F:\Projects\PIC\LCD_LIB.X\main.asm
          _MAIN_PROG_04A3   0x0004c0    program     static F:\Projects\PIC\LCD_LIB.X\main.asm
          _MAIN_PROG_04A4   0x0004c1    program     static F:\Projects\PIC\LCD_LIB.X\main.asm
          _MAIN_PROG_04A8   0x0004c5    program     static F:\Projects\PIC\LCD_LIB.X\main.asm
          _MAIN_PROG_04AE   0x0004cb    program     static F:\Projects\PIC\LCD_LIB.X\main.asm
          _MAIN_PROG_04AF   0x0004cc    program     static F:\Projects\PIC\LCD_LIB.X\main.asm
          _MAIN_PROG_04B3   0x0004d0    program     static F:\Projects\PIC\LCD_LIB.X\main.asm
          _MAIN_PROG_04BC   0x0004d9    program     static F:\Projects\PIC\LCD_LIB.X\main.asm
          _MAIN_PROG_04BD   0x0004da    program     static F:\Projects\PIC\LCD_LIB.X\main.asm
          _MAIN_PROG_04C1   0x0004de    program     static F:\Projects\PIC\LCD_LIB.X\main.asm
          _MAIN_PROG_04C7   0x0004e4    program     static F:\Projects\PIC\LCD_LIB.X\main.asm
          _MAIN_PROG_04C8   0x0004e5    program     static F:\Projects\PIC\LCD_LIB.X\main.asm
          _MAIN_PROG_04CC   0x0004e9    program     static F:\Projects\PIC\LCD_LIB.X\main.asm
          _MAIN_PROG_04D2   0x0004ef    program     static F:\Projects\PIC\LCD_LIB.X\main.asm
          _MAIN_PROG_04D3   0x0004f0    program     static F:\Projects\PIC\LCD_LIB.X\main.asm
          _MAIN_PROG_04D7   0x0004f4    program     static F:\Projects\PIC\LCD_LIB.X\main.asm
          _MAIN_PROG_04DD   0x0004fa    program     static F:\Projects\PIC\LCD_LIB.X\main.asm
          _MAIN_PROG_04DE   0x0004fb    program     static F:\Projects\PIC\LCD_LIB.X\main.asm
          _MAIN_PROG_04E2   0x0004ff    program     static F:\Projects\PIC\LCD_LIB.X\main.asm
          _MAIN_PROG_04E8   0x000505    program     static F:\Projects\PIC\LCD_LIB.X\main.asm
          _MAIN_PROG_04E9   0x000506    program     static F:\Projects\PIC\LCD_LIB.X\main.asm
          _MAIN_PROG_04ED   0x00050a    program     static F:\Projects\PIC\LCD_LIB.X\main.asm
          _MAIN_PROG_04F3   0x000510    program     static F:\Projects\PIC\LCD_LIB.X\main.asm
          _MAIN_PROG_04F4   0x000511    program     static F:\Projects\PIC\LCD_LIB.X\main.asm
          _MAIN_PROG_04F8   0x000515    program     static F:\Projects\PIC\LCD_LIB.X\main.asm
          _MAIN_PROG_04FE   0x00051b    program     static F:\Projects\PIC\LCD_LIB.X\main.asm
          _MAIN_PROG_04FF   0x00051c    program     static F:\Projects\PIC\LCD_LIB.X\main.asm
          _MAIN_PROG_0503   0x000520    program     static F:\Projects\PIC\LCD_LIB.X\main.asm
          _MAIN_PROG_0509   0x000526    program     static F:\Projects\PIC\LCD_LIB.X\main.asm
          _MAIN_PROG_050A   0x000527    program     static F:\Projects\PIC\LCD_LIB.X\main.asm
          _MAIN_PROG_050E   0x00052b    program     static F:\Projects\PIC\LCD_LIB.X\main.asm
          END_PLAYER_DRAW   0x000531    program     static F:\Projects\PIC\LCD_LIB.X\main.asm
          SETUP_TIMER_INT   0x000532    program     static F:\Projects\PIC\LCD_LIB.X\main.asm
             TELA_INICIAL   0x000544    program     static F:\Projects\PIC\LCD_LIB.X\main.asm
          _MAIN_PROG_0532   0x00054f    program     static F:\Projects\PIC\LCD_LIB.X\main.asm
          _MAIN_PROG_0534   0x000551    program     static F:\Projects\PIC\LCD_LIB.X\main.asm
          _MAIN_PROG_0536   0x000553    program     static F:\Projects\PIC\LCD_LIB.X\main.asm
          _MAIN_PROG_0538   0x000555    program     static F:\Projects\PIC\LCD_LIB.X\main.asm
          _MAIN_PROG_0542   0x00055f    program     static F:\Projects\PIC\LCD_LIB.X\main.asm
          _MAIN_PROG_0544   0x000561    program     static F:\Projects\PIC\LCD_LIB.X\main.asm
          _MAIN_PROG_0546   0x000563    program     static F:\Projects\PIC\LCD_LIB.X\main.asm
          _MAIN_PROG_0548   0x000565    program     static F:\Projects\PIC\LCD_LIB.X\main.asm
          _MAIN_PROG_0552   0x00056f    program     static F:\Projects\PIC\LCD_LIB.X\main.asm
          _MAIN_PROG_0554   0x000571    program     static F:\Projects\PIC\LCD_LIB.X\main.asm
          _MAIN_PROG_0556   0x000573    program     static F:\Projects\PIC\LCD_LIB.X\main.asm
          _MAIN_PROG_0558   0x000575    program     static F:\Projects\PIC\LCD_LIB.X\main.asm
          _MAIN_PROG_0562   0x00057f    program     static F:\Projects\PIC\LCD_LIB.X\main.asm
          _MAIN_PROG_0564   0x000581    program     static F:\Projects\PIC\LCD_LIB.X\main.asm
          _MAIN_PROG_0566   0x000583    program     static F:\Projects\PIC\LCD_LIB.X\main.asm
          _MAIN_PROG_0568   0x000585    program     static F:\Projects\PIC\LCD_LIB.X\main.asm
          _MAIN_PROG_0572   0x00058f    program     static F:\Projects\PIC\LCD_LIB.X\main.asm
          _MAIN_PROG_0574   0x000591    program     static F:\Projects\PIC\LCD_LIB.X\main.asm
          _MAIN_PROG_0576   0x000593    program     static F:\Projects\PIC\LCD_LIB.X\main.asm
          _MAIN_PROG_0578   0x000595    program     static F:\Projects\PIC\LCD_LIB.X\main.asm
                    START   0x000597    program     static F:\Projects\PIC\LCD_LIB.X\main.asm
                     LOOP   0x00059b    program     static F:\Projects\PIC\LCD_LIB.X\main.asm
                     MENU   0x00059f    program     static F:\Projects\PIC\LCD_LIB.X\main.asm
                 MENU_INP   0x0005a1    program     static F:\Projects\PIC\LCD_LIB.X\main.asm
          _MAIN_PROG_0590   0x0005ad    program     static F:\Projects\PIC\LCD_LIB.X\main.asm
          _MAIN_PROG_0592   0x0005af    program     static F:\Projects\PIC\LCD_LIB.X\main.asm
                     GAME   0x0005b4    program     static F:\Projects\PIC\LCD_LIB.X\main.asm
          PLAYER_NOT_JUNP   0x0005bb    program     static F:\Projects\PIC\LCD_LIB.X\main.asm
                  ENTRADA   0x000020       data     static F:\Projects\PIC\LCD_LIB.X\main.asm
                PONTUACAO   0x000021       data     static F:\Projects\PIC\LCD_LIB.X\main.asm
             JOGO_RODANDO   0x000022       data     static F:\Projects\PIC\LCD_LIB.X\main.asm
              TIMER_COUNT   0x000023       data     static F:\Projects\PIC\LCD_LIB.X\main.asm
         CORNIO_DELAY_FT1   0x000024       data     static F:\Projects\PIC\LCD_LIB.X\main.asm
         CORNIO_DELAY_FT2   0x000025       data     static F:\Projects\PIC\LCD_LIB.X\main.asm
         CORNIO_DELAY_FT3   0x000026       data     static F:\Projects\PIC\LCD_LIB.X\main.asm
         CORNIO_DELAY_FT4   0x000027       data     static F:\Projects\PIC\LCD_LIB.X\main.asm
            LCD_CMD_INPUT   0x000028       data     static F:\Projects\PIC\LCD_LIB.X\main.asm
            LCD_DAT_INPUT   0x000029       data     static F:\Projects\PIC\LCD_LIB.X\main.asm
      CORNIO_DISPLAY_DISP   0x00002a       data     static F:\Projects\PIC\LCD_LIB.X\main.asm
     CORNIO_DISPLAY_VALUE   0x00002b       data     static F:\Projects\PIC\LCD_LIB.X\main.asm
CORNIO_DISPLAY_TO_DRAW_DISP   0x00002c       data     static F:\Projects\PIC\LCD_LIB.X\main.asm
CORNIO_DISPLAY_TO_DRAW_VALUE   0x00002d       data     static F:\Projects\PIC\LCD_LIB.X\main.asm
                   VOANDO   0x00002e       data     static F:\Projects\PIC\LCD_LIB.X\main.asm
             TEMPO_VOANDO   0x00002f       data     static F:\Projects\PIC\LCD_LIB.X\main.asm
             CENA_LINHA_4   0x000030       data     static F:\Projects\PIC\LCD_LIB.X\main.asm


